Archive member included to satisfy reference by file (symbol)

c:/progra~1/raspbe~1/picosd~1.1/gcc-ar~1/bin/../lib/gcc/arm-none-eabi/10.3.1/thumb/v6-m/nofp\libgcc.a(_dvmd_tls.o)
                              CMakeFiles/Gyro_Kalman.dir/C_/Program_Files/Raspberry_Pi/Pico_SDK_v1.5.1/pico-sdk/src/rp2_common/pico_divider/divider.S.obj (__aeabi_idiv0)
c:/progra~1/raspbe~1/picosd~1.1/gcc-ar~1/bin/../lib/gcc/arm-none-eabi/10.3.1/../../../../arm-none-eabi/lib/thumb/v6-m/nofp\libg.a(lib_a-calloc.o)
                              CMakeFiles/Gyro_Kalman.dir/C_/Program_Files/Raspberry_Pi/Pico_SDK_v1.5.1/pico-sdk/src/rp2_common/pico_malloc/pico_malloc.c.obj (calloc)
c:/progra~1/raspbe~1/picosd~1.1/gcc-ar~1/bin/../lib/gcc/arm-none-eabi/10.3.1/../../../../arm-none-eabi/lib/thumb/v6-m/nofp\libg.a(lib_a-callocr.o)
                              c:/progra~1/raspbe~1/picosd~1.1/gcc-ar~1/bin/../lib/gcc/arm-none-eabi/10.3.1/../../../../arm-none-eabi/lib/thumb/v6-m/nofp\libg.a(lib_a-calloc.o) (_calloc_r)
c:/progra~1/raspbe~1/picosd~1.1/gcc-ar~1/bin/../lib/gcc/arm-none-eabi/10.3.1/../../../../arm-none-eabi/lib/thumb/v6-m/nofp\libg.a(lib_a-errno.o)
                              c:/progra~1/raspbe~1/picosd~1.1/gcc-ar~1/bin/../lib/gcc/arm-none-eabi/10.3.1/../../../../arm-none-eabi/lib/thumb/v6-m/nofp\libg.a(lib_a-callocr.o) (__errno)
c:/progra~1/raspbe~1/picosd~1.1/gcc-ar~1/bin/../lib/gcc/arm-none-eabi/10.3.1/../../../../arm-none-eabi/lib/thumb/v6-m/nofp\libg.a(lib_a-impure.o)
                              c:/progra~1/raspbe~1/picosd~1.1/gcc-ar~1/bin/../lib/gcc/arm-none-eabi/10.3.1/../../../../arm-none-eabi/lib/thumb/v6-m/nofp\libg.a(lib_a-calloc.o) (_impure_ptr)
c:/progra~1/raspbe~1/picosd~1.1/gcc-ar~1/bin/../lib/gcc/arm-none-eabi/10.3.1/../../../../arm-none-eabi/lib/thumb/v6-m/nofp\libg.a(lib_a-init.o)
                              c:/progra~1/raspbe~1/picosd~1.1/gcc-ar~1/bin/../lib/gcc/arm-none-eabi/10.3.1/../../../../arm-none-eabi/lib/thumb/v6-m/nofp/crt0.o (__libc_init_array)
c:/progra~1/raspbe~1/picosd~1.1/gcc-ar~1/bin/../lib/gcc/arm-none-eabi/10.3.1/../../../../arm-none-eabi/lib/thumb/v6-m/nofp\libg.a(lib_a-malloc.o)
                              CMakeFiles/Gyro_Kalman.dir/C_/Program_Files/Raspberry_Pi/Pico_SDK_v1.5.1/pico-sdk/src/rp2_common/pico_malloc/pico_malloc.c.obj (malloc)
c:/progra~1/raspbe~1/picosd~1.1/gcc-ar~1/bin/../lib/gcc/arm-none-eabi/10.3.1/../../../../arm-none-eabi/lib/thumb/v6-m/nofp\libg.a(lib_a-mallocr.o)
                              c:/progra~1/raspbe~1/picosd~1.1/gcc-ar~1/bin/../lib/gcc/arm-none-eabi/10.3.1/../../../../arm-none-eabi/lib/thumb/v6-m/nofp\libg.a(lib_a-callocr.o) (_malloc_r)
c:/progra~1/raspbe~1/picosd~1.1/gcc-ar~1/bin/../lib/gcc/arm-none-eabi/10.3.1/../../../../arm-none-eabi/lib/thumb/v6-m/nofp\libg.a(lib_a-mlock.o)
                              c:/progra~1/raspbe~1/picosd~1.1/gcc-ar~1/bin/../lib/gcc/arm-none-eabi/10.3.1/../../../../arm-none-eabi/lib/thumb/v6-m/nofp\libg.a(lib_a-mallocr.o) (__malloc_lock)
c:/progra~1/raspbe~1/picosd~1.1/gcc-ar~1/bin/../lib/gcc/arm-none-eabi/10.3.1/../../../../arm-none-eabi/lib/thumb/v6-m/nofp\libg.a(lib_a-realloc.o)
                              CMakeFiles/Gyro_Kalman.dir/C_/Program_Files/Raspberry_Pi/Pico_SDK_v1.5.1/pico-sdk/src/rp2_common/pico_malloc/pico_malloc.c.obj (realloc)
c:/progra~1/raspbe~1/picosd~1.1/gcc-ar~1/bin/../lib/gcc/arm-none-eabi/10.3.1/../../../../arm-none-eabi/lib/thumb/v6-m/nofp\libg.a(lib_a-reallocr.o)
                              c:/progra~1/raspbe~1/picosd~1.1/gcc-ar~1/bin/../lib/gcc/arm-none-eabi/10.3.1/../../../../arm-none-eabi/lib/thumb/v6-m/nofp\libg.a(lib_a-realloc.o) (_realloc_r)
c:/progra~1/raspbe~1/picosd~1.1/gcc-ar~1/bin/../lib/gcc/arm-none-eabi/10.3.1/../../../../arm-none-eabi/lib/thumb/v6-m/nofp\libg.a(lib_a-sbrkr.o)
                              c:/progra~1/raspbe~1/picosd~1.1/gcc-ar~1/bin/../lib/gcc/arm-none-eabi/10.3.1/../../../../arm-none-eabi/lib/thumb/v6-m/nofp\libg.a(lib_a-mallocr.o) (_sbrk_r)
c:/progra~1/raspbe~1/picosd~1.1/gcc-ar~1/bin/../lib/gcc/arm-none-eabi/10.3.1/../../../../arm-none-eabi/lib/thumb/v6-m/nofp\libg.a(lib_a-strlen-stub.o)
                              CMakeFiles/Gyro_Kalman.dir/C_/Program_Files/Raspberry_Pi/Pico_SDK_v1.5.1/pico-sdk/src/rp2_common/pico_stdio/stdio.c.obj (strlen)
c:/progra~1/raspbe~1/picosd~1.1/gcc-ar~1/bin/../lib/gcc/arm-none-eabi/10.3.1/../../../../arm-none-eabi/lib/thumb/v6-m/nofp\libg.a(lib_a-freer.o)
                              c:/progra~1/raspbe~1/picosd~1.1/gcc-ar~1/bin/../lib/gcc/arm-none-eabi/10.3.1/../../../../arm-none-eabi/lib/thumb/v6-m/nofp\libg.a(lib_a-malloc.o) (_free_r)
c:/progra~1/raspbe~1/picosd~1.1/gcc-ar~1/bin/../lib/gcc/arm-none-eabi/10.3.1/../../../../arm-none-eabi/lib/thumb/v6-m/nofp\libg.a(lib_a-lock.o)
                              c:/progra~1/raspbe~1/picosd~1.1/gcc-ar~1/bin/../lib/gcc/arm-none-eabi/10.3.1/../../../../arm-none-eabi/lib/thumb/v6-m/nofp\libg.a(lib_a-mlock.o) (__retarget_lock_acquire_recursive)
[...]
Memory Configuration

Name             Origin             Length             Attributes
FLASH            0x10000000         0x00200000         xr
RAM              0x20000000         0x00040000         xrw
SCRATCH_X        0x20040000         0x00001000         xrw
SCRATCH_Y        0x20041000         0x00001000         xrw
*default*        0x00000000         0xffffffff

Linker script and memory map

LOAD c:/progra~1/raspbe~1/picosd~1.1/gcc-ar~1/bin/../lib/gcc/arm-none-eabi/10.3.1/thumb/v6-m/nofp/crti.o
LOAD c:/progra~1/raspbe~1/picosd~1.1/gcc-ar~1/bin/../lib/gcc/arm-none-eabi/10.3.1/thumb/v6-m/nofp/crtbegin.o
LOAD c:/progra~1/raspbe~1/picosd~1.1/gcc-ar~1/bin/../lib/gcc/arm-none-eabi/10.3.1/../../../../arm-none-eabi/lib/thumb/v6-m/nofp/crt0.o

.flash_begin    0x10000000        0x0
                0x10000000                __flash_binary_start = .

.boot2          0x10000000      0x100
                0x10000000                __boot2_start__ = .
 *(.boot2)
 .boot2         0x10000000      0x100 C:\Users\cjall\AppData\Local\Temp\cce2j1gR.o
                0x10000100                __boot2_end__ = .
                0x00000001                ASSERT (((__boot2_end__ - __boot2_start__) == 0x100), ERROR: Pico second stage bootloader must be 256 bytes in size)

.text           0x10000100     0x7b98
                0x10000100                __logical_binary_start = .
 *(.vectors)
 .vectors       0x10000100       0xd4 CMakeFiles/Gyro_Kalman.dir/C_/Program_Files/Raspberry_Pi/Pico_SDK_v1.5.1/pico-sdk/src/rp2_common/pico_standard_link/crt0.S.obj
                0x10000100                __VECTOR_TABLE
                0x10000100                __vectors
                0x100001c0                isr_invalid
                0x100001c0                __default_isrs_start
                0x100001c2                isr_nmi
                0x100001c4                isr_hardfault
                0x100001c6                isr_svcall
                0x100001c8                isr_pendsv
                0x100001ca                isr_systick
                0x100001cc                isr_irq23
                0x100001cc                isr_irq18
                0x100001cc                isr_irq11
                0x100001cc                isr_irq28
                0x100001cc                isr_irq19
                0x100001cc                isr_irq0
                0x100001cc                isr_irq6
                0x100001cc                isr_irq5
                0x100001cc                isr_irq12
                0x100001cc                isr_irq22
                0x100001cc                isr_irq31
                0x100001cc                isr_irq17
                0x100001cc                isr_irq27
                0x100001cc                isr_irq30
                0x100001cc                isr_irq2
                0x100001cc                isr_irq10
                0x100001cc                isr_irq8
                0x100001cc                isr_irq24
                0x100001cc                isr_irq1
                0x100001cc                isr_irq7
                0x100001cc                isr_irq21
                0x100001cc                isr_irq20
                0x100001cc                isr_irq15
                0x100001cc                isr_irq25
                0x100001cc                isr_irq13
                0x100001cc                __unhandled_user_irq
                0x100001cc                isr_irq4
                0x100001cc                isr_irq16
                0x100001cc                isr_irq29
                0x100001cc                isr_irq26
                0x100001cc                __default_isrs_end
                0x100001cc                isr_irq3
                0x100001cc                isr_irq14
                0x100001cc                isr_irq9
                0x100001d2                unhandled_user_irq_num_in_r0
 *(.binary_info_header)
 .binary_info_header
                0x100001d4       0x14 CMakeFiles/Gyro_Kalman.dir/C_/Program_Files/Raspberry_Pi/Pico_SDK_v1.5.1/pico-sdk/src/rp2_common/pico_standard_link/crt0.S.obj
                0x100001e8                __binary_info_header_end = .
 *(.reset)
 .reset         0x100001e8       0xa0 CMakeFiles/Gyro_Kalman.dir/C_/Program_Files/Raspberry_Pi/Pico_SDK_v1.5.1/pico-sdk/src/rp2_common/pico_standard_link/crt0.S.obj
                0x100001e8                _entry_point
 .reset         0x10000288       0x30 CMakeFiles/Gyro_Kalman.dir/C_/Program_Files/Raspberry_Pi/Pico_SDK_v1.5.1/pico-sdk/src/rp2_common/pico_standard_link/binary_info.c.obj
 *(.init)
 .init          0x100002b8        0x4 c:/progra~1/raspbe~1/picosd~1.1/gcc-ar~1/bin/../lib/gcc/arm-none-eabi/10.3.1/thumb/v6-m/nofp/crti.o
                0x100002b8                _init
 *(EXCLUDE_FILE(*libm.a: *libc.a:*lib_a-mem*.o *libgcc.a:) .text*)
 .text          0x100002bc       0x48 c:/progra~1/raspbe~1/picosd~1.1/gcc-ar~1/bin/../lib/gcc/arm-none-eabi/10.3.1/thumb/v6-m/nofp/crtbegin.o
 .text.mpu6050_config
                0x10000304       0x3c CMakeFiles/Gyro_Kalman.dir/main.c.obj
 .text.mpu6050_reset
                0x10000340       0x80 CMakeFiles/Gyro_Kalman.dir/main.c.obj
 .text.mpu6050_data_read
                0x100003c0       0xc4 CMakeFiles/Gyro_Kalman.dir/main.c.obj
 .text.mpu6050_calibrate
                0x10000484      0x254 CMakeFiles/Gyro_Kalman.dir/main.c.obj
 .text.KalmanInit
                0x100006d8       0x38 CMakeFiles/Gyro_Kalman.dir/main.c.obj
                0x100006d8                KalmanInit
 .text.KalmanUpdate
                0x10000710       0xe0 CMakeFiles/Gyro_Kalman.dir/main.c.obj
                0x10000710                KalmanUpdate
 .text.main     0x100007f0      0x2f4 CMakeFiles/Gyro_Kalman.dir/main.c.obj
                0x100007f0                main
 .text.gpio_set_function
                0x10000ae4       0x30 CMakeFiles/Gyro_Kalman.dir/C_/Program_Files/Raspberry_Pi/Pico_SDK_v1.5.1/pico-sdk/src/rp2_common/hardware_gpio/gpio.c.obj
                0x10000ae4                gpio_set_function
 .text.gpio_set_pulls
                0x10000b14       0x34 CMakeFiles/Gyro_Kalman.dir/C_/Program_Files/Raspberry_Pi/Pico_SDK_v1.5.1/pico-sdk/src/rp2_common/hardware_gpio/gpio.c.obj
                0x10000b14                gpio_set_pulls
 .text.running_on_fpga
                0x10000b48       0x14 CMakeFiles/Gyro_Kalman.dir/C_/Program_Files/Raspberry_Pi/Pico_SDK_v1.5.1/pico-sdk/src/rp2_common/pico_platform/platform.c.obj
                0x10000b48                running_on_fpga
 .text.hw_claim_lock
                0x10000b5c       0x18 CMakeFiles/Gyro_Kalman.dir/C_/Program_Files/Raspberry_Pi/Pico_SDK_v1.5.1/pico-sdk/src/rp2_common/hardware_claim/claim.c.obj
                0x10000b5c                hw_claim_lock
 .text.hw_claim_unlock
                0x10000b74       0x14 CMakeFiles/Gyro_Kalman.dir/C_/Program_Files/Raspberry_Pi/Pico_SDK_v1.5.1/pico-sdk/src/rp2_common/hardware_claim/claim.c.obj
                0x10000b74                hw_claim_unlock
 .text.hw_claim_or_assert
                0x10000b88       0x32 CMakeFiles/Gyro_Kalman.dir/C_/Program_Files/Raspberry_Pi/Pico_SDK_v1.5.1/pico-sdk/src/rp2_common/hardware_claim/claim.c.obj
                0x10000b88                hw_claim_or_assert
 .text.hw_claim_unused_from_range
                0x10000bba       0x50 CMakeFiles/Gyro_Kalman.dir/C_/Program_Files/Raspberry_Pi/Pico_SDK_v1.5.1/pico-sdk/src/rp2_common/hardware_claim/claim.c.obj
                0x10000bba                hw_claim_unused_from_range
 *fill*         0x10000c0a        0x2 
 .text.spin_locks_reset
                0x10000c0c       0x20 CMakeFiles/Gyro_Kalman.dir/C_/Program_Files/Raspberry_Pi/Pico_SDK_v1.5.1/pico-sdk/src/rp2_common/hardware_sync/sync.c.obj
                0x10000c0c                spin_locks_reset
 .text.next_striped_spin_lock_num
                0x10000c2c       0x1c CMakeFiles/Gyro_Kalman.dir/C_/Program_Files/Raspberry_Pi/Pico_SDK_v1.5.1/pico-sdk/src/rp2_common/hardware_sync/sync.c.obj
                0x10000c2c                next_striped_spin_lock_num
 .text.spin_lock_claim_unused
                0x10000c48       0x20 CMakeFiles/Gyro_Kalman.dir/C_/Program_Files/Raspberry_Pi/Pico_SDK_v1.5.1/pico-sdk/src/rp2_common/hardware_sync/sync.c.obj
                0x10000c48                spin_lock_claim_unused
 .text.set_raw_irq_handler_and_unlock
                0x10000c68       0x28 CMakeFiles/Gyro_Kalman.dir/C_/Program_Files/Raspberry_Pi/Pico_SDK_v1.5.1/pico-sdk/src/rp2_common/hardware_irq/irq.c.obj
 .text.make_branch
                0x10000c90       0x48 CMakeFiles/Gyro_Kalman.dir/C_/Program_Files/Raspberry_Pi/Pico_SDK_v1.5.1/pico-sdk/src/rp2_common/hardware_irq/irq.c.obj
 .text.insert_branch_and_link
                0x10000cd8       0x40 CMakeFiles/Gyro_Kalman.dir/C_/Program_Files/Raspberry_Pi/Pico_SDK_v1.5.1/pico-sdk/src/rp2_common/hardware_irq/irq.c.obj
 .text.irq_is_enabled
                0x10000d18       0x18 CMakeFiles/Gyro_Kalman.dir/C_/Program_Files/Raspberry_Pi/Pico_SDK_v1.5.1/pico-sdk/src/rp2_common/hardware_irq/irq.c.obj
                0x10000d18                irq_is_enabled
 .text.irq_set_mask_enabled
                0x10000d30       0x20 CMakeFiles/Gyro_Kalman.dir/C_/Program_Files/Raspberry_Pi/Pico_SDK_v1.5.1/pico-sdk/src/rp2_common/hardware_irq/irq.c.obj
                0x10000d30                irq_set_mask_enabled
 .text.irq_set_enabled
                0x10000d50        0xe CMakeFiles/Gyro_Kalman.dir/C_/Program_Files/Raspberry_Pi/Pico_SDK_v1.5.1/pico-sdk/src/rp2_common/hardware_irq/irq.c.obj
                0x10000d50                irq_set_enabled
 *fill*         0x10000d5e        0x2 
 .text.irq_set_pending
                0x10000d60       0x10 CMakeFiles/Gyro_Kalman.dir/C_/Program_Files/Raspberry_Pi/Pico_SDK_v1.5.1/pico-sdk/src/rp2_common/hardware_irq/irq.c.obj
                0x10000d60                irq_set_pending
 .text.irq_get_vtable_handler
                0x10000d70       0x10 CMakeFiles/Gyro_Kalman.dir/C_/Program_Files/Raspberry_Pi/Pico_SDK_v1.5.1/pico-sdk/src/rp2_common/hardware_irq/irq.c.obj
                0x10000d70                irq_get_vtable_handler
 .text.irq_has_shared_handler
                0x10000d80       0x24 CMakeFiles/Gyro_Kalman.dir/C_/Program_Files/Raspberry_Pi/Pico_SDK_v1.5.1/pico-sdk/src/rp2_common/hardware_irq/irq.c.obj
                0x10000d80                irq_has_shared_handler
 .text.irq_set_exclusive_handler
                0x10000da4       0x54 CMakeFiles/Gyro_Kalman.dir/C_/Program_Files/Raspberry_Pi/Pico_SDK_v1.5.1/pico-sdk/src/rp2_common/hardware_irq/irq.c.obj
                0x10000da4                irq_set_exclusive_handler
 .text.irq_add_shared_handler
                0x10000df8      0x234 CMakeFiles/Gyro_Kalman.dir/C_/Program_Files/Raspberry_Pi/Pico_SDK_v1.5.1/pico-sdk/src/rp2_common/hardware_irq/irq.c.obj
                0x10000df8                irq_add_shared_handler
 .text.irq_remove_handler
                0x1000102c      0x1ac CMakeFiles/Gyro_Kalman.dir/C_/Program_Files/Raspberry_Pi/Pico_SDK_v1.5.1/pico-sdk/src/rp2_common/hardware_irq/irq.c.obj
                0x1000102c                irq_remove_handler
 .text.irq_add_tail_to_free_list
                0x100011d8       0xf0 CMakeFiles/Gyro_Kalman.dir/C_/Program_Files/Raspberry_Pi/Pico_SDK_v1.5.1/pico-sdk/src/rp2_common/hardware_irq/irq.c.obj
                0x100011d8                irq_add_tail_to_free_list
 .text.irq_init_priorities
                0x100012c8       0x1c CMakeFiles/Gyro_Kalman.dir/C_/Program_Files/Raspberry_Pi/Pico_SDK_v1.5.1/pico-sdk/src/rp2_common/hardware_irq/irq.c.obj
                0x100012c8                irq_init_priorities
 .text.user_irq_claim_unused
                0x100012e4       0x28 CMakeFiles/Gyro_Kalman.dir/C_/Program_Files/Raspberry_Pi/Pico_SDK_v1.5.1/pico-sdk/src/rp2_common/hardware_irq/irq.c.obj
                0x100012e4                user_irq_claim_unused
 .text.lock_init
                0x1000130c       0x10 CMakeFiles/Gyro_Kalman.dir/C_/Program_Files/Raspberry_Pi/Pico_SDK_v1.5.1/pico-sdk/src/common/pico_sync/lock_core.c.obj
                0x1000130c                lock_init
 .text.mutex_init
                0x1000131c       0x1a CMakeFiles/Gyro_Kalman.dir/C_/Program_Files/Raspberry_Pi/Pico_SDK_v1.5.1/pico-sdk/src/common/pico_sync/mutex.c.obj
                0x1000131c                mutex_init
 .text.recursive_mutex_init
                0x10001336       0x1e CMakeFiles/Gyro_Kalman.dir/C_/Program_Files/Raspberry_Pi/Pico_SDK_v1.5.1/pico-sdk/src/common/pico_sync/mutex.c.obj
                0x10001336                recursive_mutex_init
 .text.critical_section_init_with_lock_num
                0x10001354       0x14 CMakeFiles/Gyro_Kalman.dir/C_/Program_Files/Raspberry_Pi/Pico_SDK_v1.5.1/pico-sdk/src/common/pico_sync/critical_section.c.obj
                0x10001354                critical_section_init_with_lock_num
 .text.critical_section_init
                0x10001368       0x14 CMakeFiles/Gyro_Kalman.dir/C_/Program_Files/Raspberry_Pi/Pico_SDK_v1.5.1/pico-sdk/src/common/pico_sync/critical_section.c.obj
                0x10001368                critical_section_init
 .text.alarm_pool_post_alloc_init
                0x1000137c       0x40 CMakeFiles/Gyro_Kalman.dir/C_/Program_Files/Raspberry_Pi/Pico_SDK_v1.5.1/pico-sdk/src/common/pico_time/time.c.obj
 .text.sleep_until_callback
                0x100013bc       0x30 CMakeFiles/Gyro_Kalman.dir/C_/Program_Files/Raspberry_Pi/Pico_SDK_v1.5.1/pico-sdk/src/common/pico_time/time.c.obj
 .text.timer_pool_entry_comparator
                0x100013ec       0x7c CMakeFiles/Gyro_Kalman.dir/C_/Program_Files/Raspberry_Pi/Pico_SDK_v1.5.1/pico-sdk/src/common/pico_time/time.c.obj
                0x100013ec                timer_pool_entry_comparator
 .text.ph_add_child_node
                0x10001468       0xa4 CMakeFiles/Gyro_Kalman.dir/C_/Program_Files/Raspberry_Pi/Pico_SDK_v1.5.1/pico-sdk/src/common/pico_time/time.c.obj
 .text.ph_merge_nodes
                0x1000150c       0x3e CMakeFiles/Gyro_Kalman.dir/C_/Program_Files/Raspberry_Pi/Pico_SDK_v1.5.1/pico-sdk/src/common/pico_time/time.c.obj
 *fill*         0x1000154a        0x2 
 .text.add_alarm_under_lock
                0x1000154c      0x174 CMakeFiles/Gyro_Kalman.dir/C_/Program_Files/Raspberry_Pi/Pico_SDK_v1.5.1/pico-sdk/src/common/pico_time/time.c.obj
 .text.alarm_pool_alarm_callback
                0x100016c0      0x33c CMakeFiles/Gyro_Kalman.dir/C_/Program_Files/Raspberry_Pi/Pico_SDK_v1.5.1/pico-sdk/src/common/pico_time/time.c.obj
 .text.alarm_pool_init_default
                0x100019fc       0x40 CMakeFiles/Gyro_Kalman.dir/C_/Program_Files/Raspberry_Pi/Pico_SDK_v1.5.1/pico-sdk/src/common/pico_time/time.c.obj
                0x100019fc                alarm_pool_init_default
 .text.alarm_pool_get_default
                0x10001a3c       0x2c CMakeFiles/Gyro_Kalman.dir/C_/Program_Files/Raspberry_Pi/Pico_SDK_v1.5.1/pico-sdk/src/common/pico_time/time.c.obj
                0x10001a3c                alarm_pool_get_default
 .text.alarm_pool_add_alarm_at
                0x10001a68      0x168 CMakeFiles/Gyro_Kalman.dir/C_/Program_Files/Raspberry_Pi/Pico_SDK_v1.5.1/pico-sdk/src/common/pico_time/time.c.obj
                0x10001a68                alarm_pool_add_alarm_at
 .text.alarm_pool_cancel_alarm
                0x10001bd0       0xf8 CMakeFiles/Gyro_Kalman.dir/C_/Program_Files/Raspberry_Pi/Pico_SDK_v1.5.1/pico-sdk/src/common/pico_time/time.c.obj
                0x10001bd0                alarm_pool_cancel_alarm
 .text.alarm_pool_core_num
                0x10001cc8        0x4 CMakeFiles/Gyro_Kalman.dir/C_/Program_Files/Raspberry_Pi/Pico_SDK_v1.5.1/pico-sdk/src/common/pico_time/time.c.obj
                0x10001cc8                alarm_pool_core_num
 .text.sleep_until
                0x10001ccc       0xfc CMakeFiles/Gyro_Kalman.dir/C_/Program_Files/Raspberry_Pi/Pico_SDK_v1.5.1/pico-sdk/src/common/pico_time/time.c.obj
                0x10001ccc                sleep_until
 .text.sleep_us
                0x10001dc8       0x58 CMakeFiles/Gyro_Kalman.dir/C_/Program_Files/Raspberry_Pi/Pico_SDK_v1.5.1/pico-sdk/src/common/pico_time/time.c.obj
                0x10001dc8                sleep_us
 .text.sleep_ms
                0x10001e20       0x14 CMakeFiles/Gyro_Kalman.dir/C_/Program_Files/Raspberry_Pi/Pico_SDK_v1.5.1/pico-sdk/src/common/pico_time/time.c.obj
                0x10001e20                sleep_ms
 .text.best_effort_wfe_or_timeout
                0x10001e34       0xac CMakeFiles/Gyro_Kalman.dir/C_/Program_Files/Raspberry_Pi/Pico_SDK_v1.5.1/pico-sdk/src/common/pico_time/time.c.obj
                0x10001e34                best_effort_wfe_or_timeout
 .text.hardware_alarm_irq_handler
                0x10001ee0       0x90 CMakeFiles/Gyro_Kalman.dir/C_/Program_Files/Raspberry_Pi/Pico_SDK_v1.5.1/pico-sdk/src/rp2_common/hardware_timer/timer.c.obj
 .text.hardware_alarm_claim
                0x10001f70       0x18 CMakeFiles/Gyro_Kalman.dir/C_/Program_Files/Raspberry_Pi/Pico_SDK_v1.5.1/pico-sdk/src/rp2_common/hardware_timer/timer.c.obj
                0x10001f70                hardware_alarm_claim
 .text.time_us_64
                0x10001f88       0x18 CMakeFiles/Gyro_Kalman.dir/C_/Program_Files/Raspberry_Pi/Pico_SDK_v1.5.1/pico-sdk/src/rp2_common/hardware_timer/timer.c.obj
                0x10001f88                time_us_64
 .text.busy_wait_until
                0x10001fa0       0x28 CMakeFiles/Gyro_Kalman.dir/C_/Program_Files/Raspberry_Pi/Pico_SDK_v1.5.1/pico-sdk/src/rp2_common/hardware_timer/timer.c.obj
                0x10001fa0                busy_wait_until
 .text.hardware_alarm_set_callback
                0x10001fc8       0x90 CMakeFiles/Gyro_Kalman.dir/C_/Program_Files/Raspberry_Pi/Pico_SDK_v1.5.1/pico-sdk/src/rp2_common/hardware_timer/timer.c.obj
                0x10001fc8                hardware_alarm_set_callback
 .text.hardware_alarm_set_target
                0x10002058       0xe8 CMakeFiles/Gyro_Kalman.dir/C_/Program_Files/Raspberry_Pi/Pico_SDK_v1.5.1/pico-sdk/src/rp2_common/hardware_timer/timer.c.obj
                0x10002058                hardware_alarm_set_target
 .text.hardware_alarm_cancel
                0x10002140       0x40 CMakeFiles/Gyro_Kalman.dir/C_/Program_Files/Raspberry_Pi/Pico_SDK_v1.5.1/pico-sdk/src/rp2_common/hardware_timer/timer.c.obj
                0x10002140                hardware_alarm_cancel
 .text.ph_add_child_node
                0x10002180       0xa4 CMakeFiles/Gyro_Kalman.dir/C_/Program_Files/Raspberry_Pi/Pico_SDK_v1.5.1/pico-sdk/src/common/pico_util/pheap.c.obj
 .text.ph_merge_nodes
                0x10002224       0x3e CMakeFiles/Gyro_Kalman.dir/C_/Program_Files/Raspberry_Pi/Pico_SDK_v1.5.1/pico-sdk/src/common/pico_util/pheap.c.obj
 *fill*         0x10002262        0x2 
 .text.ph_clear
                0x10002264       0x70 CMakeFiles/Gyro_Kalman.dir/C_/Program_Files/Raspberry_Pi/Pico_SDK_v1.5.1/pico-sdk/src/common/pico_util/pheap.c.obj
                0x10002264                ph_clear
 .text.ph_post_alloc_init
                0x100022d4        0xe CMakeFiles/Gyro_Kalman.dir/C_/Program_Files/Raspberry_Pi/Pico_SDK_v1.5.1/pico-sdk/src/common/pico_util/pheap.c.obj
                0x100022d4                ph_post_alloc_init
 *fill*         0x100022e2        0x2 
 .text.ph_merge_two_pass
                0x100022e4       0xa8 CMakeFiles/Gyro_Kalman.dir/C_/Program_Files/Raspberry_Pi/Pico_SDK_v1.5.1/pico-sdk/src/common/pico_util/pheap.c.obj
                0x100022e4                ph_merge_two_pass
 .text.ph_remove_any_head
                0x1000238c      0x128 CMakeFiles/Gyro_Kalman.dir/C_/Program_Files/Raspberry_Pi/Pico_SDK_v1.5.1/pico-sdk/src/common/pico_util/pheap.c.obj
 .text.ph_remove_head
                0x100024b4       0x14 CMakeFiles/Gyro_Kalman.dir/C_/Program_Files/Raspberry_Pi/Pico_SDK_v1.5.1/pico-sdk/src/common/pico_util/pheap.c.obj
                0x100024b4                ph_remove_head
 .text.ph_remove_and_free_node
                0x100024c8       0xf8 CMakeFiles/Gyro_Kalman.dir/C_/Program_Files/Raspberry_Pi/Pico_SDK_v1.5.1/pico-sdk/src/common/pico_util/pheap.c.obj
                0x100024c8                ph_remove_and_free_node
 .text.clock_configure
                0x100025c0      0x108 CMakeFiles/Gyro_Kalman.dir/C_/Program_Files/Raspberry_Pi/Pico_SDK_v1.5.1/pico-sdk/src/rp2_common/hardware_clocks/clocks.c.obj
                0x100025c0                clock_configure
 .text.clocks_init
                0x100026c8      0x100 CMakeFiles/Gyro_Kalman.dir/C_/Program_Files/Raspberry_Pi/Pico_SDK_v1.5.1/pico-sdk/src/rp2_common/hardware_clocks/clocks.c.obj
                0x100026c8                clocks_init
 .text.clock_get_hz
                0x100027c8        0xc CMakeFiles/Gyro_Kalman.dir/C_/Program_Files/Raspberry_Pi/Pico_SDK_v1.5.1/pico-sdk/src/rp2_common/hardware_clocks/clocks.c.obj
                0x100027c8                clock_get_hz
 .text.pll_init
                0x100027d4      0x120 CMakeFiles/Gyro_Kalman.dir/C_/Program_Files/Raspberry_Pi/Pico_SDK_v1.5.1/pico-sdk/src/rp2_common/hardware_pll/pll.c.obj
                0x100027d4                pll_init
 .text.watchdog_start_tick
                0x100028f4       0x10 CMakeFiles/Gyro_Kalman.dir/C_/Program_Files/Raspberry_Pi/Pico_SDK_v1.5.1/pico-sdk/src/rp2_common/hardware_watchdog/watchdog.c.obj
                0x100028f4                watchdog_start_tick
 .text.watchdog_update
                0x10002904       0x14 CMakeFiles/Gyro_Kalman.dir/C_/Program_Files/Raspberry_Pi/Pico_SDK_v1.5.1/pico-sdk/src/rp2_common/hardware_watchdog/watchdog.c.obj
                0x10002904                watchdog_update
 .text._watchdog_enable
                0x10002918       0x78 CMakeFiles/Gyro_Kalman.dir/C_/Program_Files/Raspberry_Pi/Pico_SDK_v1.5.1/pico-sdk/src/rp2_common/hardware_watchdog/watchdog.c.obj
                0x10002918                _watchdog_enable
 .text.watchdog_reboot
                0x10002990       0x48 CMakeFiles/Gyro_Kalman.dir/C_/Program_Files/Raspberry_Pi/Pico_SDK_v1.5.1/pico-sdk/src/rp2_common/hardware_watchdog/watchdog.c.obj
                0x10002990                watchdog_reboot
 .text.xosc_init
                0x100029d8       0x28 CMakeFiles/Gyro_Kalman.dir/C_/Program_Files/Raspberry_Pi/Pico_SDK_v1.5.1/pico-sdk/src/rp2_common/hardware_xosc/xosc.c.obj
                0x100029d8                xosc_init
 .text._exit    0x10002a00        0x4 CMakeFiles/Gyro_Kalman.dir/C_/Program_Files/Raspberry_Pi/Pico_SDK_v1.5.1/pico-sdk/src/rp2_common/pico_runtime/runtime.c.obj
                0x10002a00                _exit
 .text.exit     0x10002a04        0x6 CMakeFiles/Gyro_Kalman.dir/C_/Program_Files/Raspberry_Pi/Pico_SDK_v1.5.1/pico-sdk/src/rp2_common/pico_runtime/runtime.c.obj
                0x10002a04                exit
 *fill*         0x10002a0a        0x2 
 .text.__assert_func
                0x10002a0c       0x3c CMakeFiles/Gyro_Kalman.dir/C_/Program_Files/Raspberry_Pi/Pico_SDK_v1.5.1/pico-sdk/src/rp2_common/pico_runtime/runtime.c.obj
                0x10002a0c                __assert_func
 .text.runtime_init
                0x10002a48       0xf8 CMakeFiles/Gyro_Kalman.dir/C_/Program_Files/Raspberry_Pi/Pico_SDK_v1.5.1/pico-sdk/src/rp2_common/pico_runtime/runtime.c.obj
                0x10002a48                runtime_init
 .text.panic    0x10002b40       0x30 CMakeFiles/Gyro_Kalman.dir/C_/Program_Files/Raspberry_Pi/Pico_SDK_v1.5.1/pico-sdk/src/rp2_common/pico_runtime/runtime.c.obj
                0x10002b40                panic
 .text._out_null
                0x10002b70        0x2 CMakeFiles/Gyro_Kalman.dir/C_/Program_Files/Raspberry_Pi/Pico_SDK_v1.5.1/pico-sdk/src/rp2_common/pico_printf/printf.c.obj
 .text._out_fct
                0x10002b72        0xe CMakeFiles/Gyro_Kalman.dir/C_/Program_Files/Raspberry_Pi/Pico_SDK_v1.5.1/pico-sdk/src/rp2_common/pico_printf/printf.c.obj
 .text._atoi    0x10002b80       0x24 CMakeFiles/Gyro_Kalman.dir/C_/Program_Files/Raspberry_Pi/Pico_SDK_v1.5.1/pico-sdk/src/rp2_common/pico_printf/printf.c.obj
 .text._out_rev
                0x10002ba4       0xae CMakeFiles/Gyro_Kalman.dir/C_/Program_Files/Raspberry_Pi/Pico_SDK_v1.5.1/pico-sdk/src/rp2_common/pico_printf/printf.c.obj
 .text._ntoa_format
                0x10002c52      0x112 CMakeFiles/Gyro_Kalman.dir/C_/Program_Files/Raspberry_Pi/Pico_SDK_v1.5.1/pico-sdk/src/rp2_common/pico_printf/printf.c.obj
 .text._ntoa_long
                0x10002d64       0xbc CMakeFiles/Gyro_Kalman.dir/C_/Program_Files/Raspberry_Pi/Pico_SDK_v1.5.1/pico-sdk/src/rp2_common/pico_printf/printf.c.obj
 .text._ntoa_long_long
                0x10002e20       0xe2 CMakeFiles/Gyro_Kalman.dir/C_/Program_Files/Raspberry_Pi/Pico_SDK_v1.5.1/pico-sdk/src/rp2_common/pico_printf/printf.c.obj
 *fill*         0x10002f02        0x2 
 .text._etoa    0x10002f04      0x414 CMakeFiles/Gyro_Kalman.dir/C_/Program_Files/Raspberry_Pi/Pico_SDK_v1.5.1/pico-sdk/src/rp2_common/pico_printf/printf.c.obj
 .text._ftoa    0x10003318      0x354 CMakeFiles/Gyro_Kalman.dir/C_/Program_Files/Raspberry_Pi/Pico_SDK_v1.5.1/pico-sdk/src/rp2_common/pico_printf/printf.c.obj
 .text._vsnprintf
                0x1000366c      0x624 CMakeFiles/Gyro_Kalman.dir/C_/Program_Files/Raspberry_Pi/Pico_SDK_v1.5.1/pico-sdk/src/rp2_common/pico_printf/printf.c.obj
 .text.vfctprintf
                0x10003c90       0x20 CMakeFiles/Gyro_Kalman.dir/C_/Program_Files/Raspberry_Pi/Pico_SDK_v1.5.1/pico-sdk/src/rp2_common/pico_printf/printf.c.obj
                0x10003c90                vfctprintf
 .text          0x10003cb0       0x10 CMakeFiles/Gyro_Kalman.dir/C_/Program_Files/Raspberry_Pi/Pico_SDK_v1.5.1/pico-sdk/src/rp2_common/pico_bit_ops/bit_ops_aeabi.S.obj
 .text.rom_func_lookup
                0x10003cc0       0x10 CMakeFiles/Gyro_Kalman.dir/C_/Program_Files/Raspberry_Pi/Pico_SDK_v1.5.1/pico-sdk/src/rp2_common/pico_bootrom/bootrom.c.obj
                0x10003cc0                rom_func_lookup
 .text.rom_data_lookup
                0x10003cd0       0x10 CMakeFiles/Gyro_Kalman.dir/C_/Program_Files/Raspberry_Pi/Pico_SDK_v1.5.1/pico-sdk/src/rp2_common/pico_bootrom/bootrom.c.obj
                0x10003cd0                rom_data_lookup
 .text.rom_funcs_lookup
                0x10003ce0       0x36 CMakeFiles/Gyro_Kalman.dir/C_/Program_Files/Raspberry_Pi/Pico_SDK_v1.5.1/pico-sdk/src/rp2_common/pico_bootrom/bootrom.c.obj
                0x10003ce0                rom_funcs_lookup
 *fill*         0x10003d16        0x2 
 .text.__wrap___aeabi_idiv
                0x10003d18       0x50 CMakeFiles/Gyro_Kalman.dir/C_/Program_Files/Raspberry_Pi/Pico_SDK_v1.5.1/pico-sdk/src/rp2_common/pico_divider/divider.S.obj
                0x10003d18                __wrap___aeabi_idivmod
                0x10003d18                divmod_s32s32
                0x10003d18                div_s32s32
                0x10003d18                __wrap___aeabi_idiv
                0x10003d20                divmod_s32s32_unsafe
                0x10003d4c                divmod_s32s32_savestate
 .text.__wrap___aeabi_uidiv
                0x10003d68       0x4c CMakeFiles/Gyro_Kalman.dir/C_/Program_Files/Raspberry_Pi/Pico_SDK_v1.5.1/pico-sdk/src/rp2_common/pico_divider/divider.S.obj
                0x10003d68                __wrap___aeabi_uidiv
                0x10003d68                __wrap___aeabi_uidivmod
                0x10003d68                div_u32u32
                0x10003d68                divmod_u32u32
                0x10003d70                divmod_u32u32_unsafe
                0x10003d98                divmod_u32u32_savestate
 .text.__wrap___aeabi_ldiv
                0x10003db4      0x424 CMakeFiles/Gyro_Kalman.dir/C_/Program_Files/Raspberry_Pi/Pico_SDK_v1.5.1/pico-sdk/src/rp2_common/pico_divider/divider.S.obj
                0x10003db4                div_s64s64
                0x10003db4                divmod_s64s64
                0x10003db4                __wrap___aeabi_ldivmod
                0x10003de4                divmod_u64u64
                0x10003de4                div_u64u64
                0x10003de4                __wrap___aeabi_uldivmod
                0x10003df4                divmod_u64u64_savestate
                0x10003e14                divmod_s64s64_unsafe
                0x10003e9c                divmod_u64u64_unsafe
 .text.__wrap___aeabi_darithmetic
                0x100041d8       0x80 CMakeFiles/Gyro_Kalman.dir/C_/Program_Files/Raspberry_Pi/Pico_SDK_v1.5.1/pico-sdk/src/rp2_common/pico_double/double_aeabi.S.obj
                0x100041d8                __wrap___aeabi_drsub
                0x100041de                __wrap___aeabi_dsub
                0x100041f0                __wrap___aeabi_dadd
                0x10004202                __wrap___aeabi_ddiv
                0x1000423e                __wrap___aeabi_dmul
 .text.__wrap___aeabi_cdcmple
                0x10004258       0x6c CMakeFiles/Gyro_Kalman.dir/C_/Program_Files/Raspberry_Pi/Pico_SDK_v1.5.1/pico-sdk/src/rp2_common/pico_double/double_aeabi.S.obj
                0x10004258                __wrap___aeabi_cdrcmple
                0x10004268                __wrap___aeabi_cdcmpeq
                0x10004268                __wrap___aeabi_cdcmple
 .text.__wrap___aeabi_dcmplt
                0x100042c4        0xc CMakeFiles/Gyro_Kalman.dir/C_/Program_Files/Raspberry_Pi/Pico_SDK_v1.5.1/pico-sdk/src/rp2_common/pico_double/double_aeabi.S.obj
                0x100042c4                __wrap___aeabi_dcmplt
 .text.__wrap___aeabi_dcmple
                0x100042d0       0x10 CMakeFiles/Gyro_Kalman.dir/C_/Program_Files/Raspberry_Pi/Pico_SDK_v1.5.1/pico-sdk/src/rp2_common/pico_double/double_aeabi.S.obj
                0x100042d0                __wrap___aeabi_dcmple
 .text.__wrap___aeabi_dcmpge
                0x100042e0       0x10 CMakeFiles/Gyro_Kalman.dir/C_/Program_Files/Raspberry_Pi/Pico_SDK_v1.5.1/pico-sdk/src/rp2_common/pico_double/double_aeabi.S.obj
                0x100042e0                __wrap___aeabi_dcmpge
 .text.__wrap___aeabi_dcmpgt
                0x100042f0        0xa CMakeFiles/Gyro_Kalman.dir/C_/Program_Files/Raspberry_Pi/Pico_SDK_v1.5.1/pico-sdk/src/rp2_common/pico_double/double_aeabi.S.obj
                0x100042f0                __wrap___aeabi_dcmpgt
 .text.__wrap___aeabi_dcmpun
                0x100042fa       0x1c CMakeFiles/Gyro_Kalman.dir/C_/Program_Files/Raspberry_Pi/Pico_SDK_v1.5.1/pico-sdk/src/rp2_common/pico_double/double_aeabi.S.obj
                0x100042fa                __wrap___aeabi_dcmpun
 *fill*         0x10004316        0x2 
 .text.__wrap___aeabi_i2d
                0x10004318       0x38 CMakeFiles/Gyro_Kalman.dir/C_/Program_Files/Raspberry_Pi/Pico_SDK_v1.5.1/pico-sdk/src/rp2_common/pico_double/double_aeabi.S.obj
                0x10004318                __wrap___aeabi_ui2d
                0x10004320                __wrap___aeabi_i2d
 .text.__wrap___aeabi_d2iz
                0x10004350       0x48 CMakeFiles/Gyro_Kalman.dir/C_/Program_Files/Raspberry_Pi/Pico_SDK_v1.5.1/pico-sdk/src/rp2_common/pico_double/double_aeabi.S.obj
                0x10004350                double2int_z
                0x10004350                __wrap___aeabi_d2iz
 .text.__wrap___aeabi_d2uiz
                0x10004398       0x18 CMakeFiles/Gyro_Kalman.dir/C_/Program_Files/Raspberry_Pi/Pico_SDK_v1.5.1/pico-sdk/src/rp2_common/pico_double/double_aeabi.S.obj
                0x10004398                __wrap___aeabi_d2uiz
                0x10004398                double2uint
 .text.__wrap___aeabi_d2f
                0x100043b0       0x18 CMakeFiles/Gyro_Kalman.dir/C_/Program_Files/Raspberry_Pi/Pico_SDK_v1.5.1/pico-sdk/src/rp2_common/pico_double/double_aeabi.S.obj
                0x100043b0                __wrap___aeabi_d2f
 .text.__wrap_srqt
                0x100043c8       0x18 CMakeFiles/Gyro_Kalman.dir/C_/Program_Files/Raspberry_Pi/Pico_SDK_v1.5.1/pico-sdk/src/rp2_common/pico_double/double_aeabi.S.obj
                0x100043c8                __wrap_sqrt
 .text.__aeabi_double_init
                0x100043e0       0xc8 CMakeFiles/Gyro_Kalman.dir/C_/Program_Files/Raspberry_Pi/Pico_SDK_v1.5.1/pico-sdk/src/rp2_common/pico_double/double_init_rom.c.obj
                0x100043e0                __aeabi_double_init
 .text.double_table_shim_on_use_helper
                0x100044a8       0x34 CMakeFiles/Gyro_Kalman.dir/C_/Program_Files/Raspberry_Pi/Pico_SDK_v1.5.1/pico-sdk/src/rp2_common/pico_double/double_v1_rom_shim.S.obj
                0x100044a8                double_table_shim_on_use_helper
 .text.__wrap___aeabi_dsub
                0x100044dc       0x10 CMakeFiles/Gyro_Kalman.dir/C_/Program_Files/Raspberry_Pi/Pico_SDK_v1.5.1/pico-sdk/src/rp2_common/pico_double/double_v1_rom_shim.S.obj
                0x100044dc                drsub_shim
                0x100044e2                dsub_shim
 .text.dadd_shim
                0x100044ec      0x15c CMakeFiles/Gyro_Kalman.dir/C_/Program_Files/Raspberry_Pi/Pico_SDK_v1.5.1/pico-sdk/src/rp2_common/pico_double/double_v1_rom_shim.S.obj
                0x100044ec                dadd_shim
 .text.dmul_shim
                0x10004648      0x15c CMakeFiles/Gyro_Kalman.dir/C_/Program_Files/Raspberry_Pi/Pico_SDK_v1.5.1/pico-sdk/src/rp2_common/pico_double/double_v1_rom_shim.S.obj
                0x10004648                dmul_shim
 .text.ddiv_shim
                0x100047a4      0x1b0 CMakeFiles/Gyro_Kalman.dir/C_/Program_Files/Raspberry_Pi/Pico_SDK_v1.5.1/pico-sdk/src/rp2_common/pico_double/double_v1_rom_shim.S.obj
                0x100047a4                ddiv_shim
 .text.dsqrt_shim
                0x10004954      0x1a8 CMakeFiles/Gyro_Kalman.dir/C_/Program_Files/Raspberry_Pi/Pico_SDK_v1.5.1/pico-sdk/src/rp2_common/pico_double/double_v1_rom_shim.S.obj
                0x10004970                dsqrt_shim
 .text.double2uint_shim
                0x10004afc        0xe CMakeFiles/Gyro_Kalman.dir/C_/Program_Files/Raspberry_Pi/Pico_SDK_v1.5.1/pico-sdk/src/rp2_common/pico_double/double_v1_rom_shim.S.obj
                0x10004afc                double2uint_shim
                0x10004afe                double2ufix_shim
 *fill*         0x10004b0a        0x2 
 .text.double2uint64_shim
                0x10004b0c       0x70 CMakeFiles/Gyro_Kalman.dir/C_/Program_Files/Raspberry_Pi/Pico_SDK_v1.5.1/pico-sdk/src/rp2_common/pico_double/double_v1_rom_shim.S.obj
                0x10004b0c                double2uint64_shim
                0x10004b0e                double2ufix64_shim
                0x10004b2e                d2fix_a
 .text.double2float_shim
                0x10004b7c       0x5c CMakeFiles/Gyro_Kalman.dir/C_/Program_Files/Raspberry_Pi/Pico_SDK_v1.5.1/pico-sdk/src/rp2_common/pico_double/double_v1_rom_shim.S.obj
                0x10004b7c                double2float_shim
 .text.dunpacks
                0x10004bd8       0x3c CMakeFiles/Gyro_Kalman.dir/C_/Program_Files/Raspberry_Pi/Pico_SDK_v1.5.1/pico-sdk/src/rp2_common/pico_double/double_v1_rom_shim.S.obj
                0x10004bd8                dunpacks
 .text.__aeabi_lmul
                0x10004c14       0x32 CMakeFiles/Gyro_Kalman.dir/C_/Program_Files/Raspberry_Pi/Pico_SDK_v1.5.1/pico-sdk/src/rp2_common/pico_int64_ops/pico_int64_ops_aeabi.S.obj
                0x10004c14                __wrap___aeabi_lmul
 *fill*         0x10004c46        0x2 
 .text.__wrap___aeabi_farithmetic
                0x10004c48       0x58 CMakeFiles/Gyro_Kalman.dir/C_/Program_Files/Raspberry_Pi/Pico_SDK_v1.5.1/pico-sdk/src/rp2_common/pico_float/float_aeabi.S.obj
                0x10004c48                __wrap___aeabi_frsub
                0x10004c4e                __wrap___aeabi_fsub
                0x10004c58                __wrap___aeabi_fadd
                0x10004c62                __wrap___aeabi_fdiv
                0x10004c8e                __wrap___aeabi_fmul
 .text.__wrap___aeabi_f2d
                0x10004ca0       0x14 CMakeFiles/Gyro_Kalman.dir/C_/Program_Files/Raspberry_Pi/Pico_SDK_v1.5.1/pico-sdk/src/rp2_common/pico_float/float_aeabi.S.obj
                0x10004ca0                __wrap___aeabi_f2d
 .text.__wrap_sqrtf
                0x10004cb4       0x24 CMakeFiles/Gyro_Kalman.dir/C_/Program_Files/Raspberry_Pi/Pico_SDK_v1.5.1/pico-sdk/src/rp2_common/pico_float/float_aeabi.S.obj
                0x10004cb4                __wrap_sqrtf
 .text.__wrap_atan2f
                0x10004cd8       0x14 CMakeFiles/Gyro_Kalman.dir/C_/Program_Files/Raspberry_Pi/Pico_SDK_v1.5.1/pico-sdk/src/rp2_common/pico_float/float_aeabi.S.obj
                0x10004cd8                __wrap_atan2f
 .text.__aeabi_float_init
                0x10004cec       0xfc CMakeFiles/Gyro_Kalman.dir/C_/Program_Files/Raspberry_Pi/Pico_SDK_v1.5.1/pico-sdk/src/rp2_common/pico_float/float_init_rom.c.obj
                0x10004cec                __aeabi_float_init
 .text.float_table_shim_on_use_helper
                0x10004de8       0x34 CMakeFiles/Gyro_Kalman.dir/C_/Program_Files/Raspberry_Pi/Pico_SDK_v1.5.1/pico-sdk/src/rp2_common/pico_float/float_v1_rom_shim.S.obj
                0x10004de8                float_table_shim_on_use_helper
 .text.fatan2_shim
                0x10004e1c       0x88 CMakeFiles/Gyro_Kalman.dir/C_/Program_Files/Raspberry_Pi/Pico_SDK_v1.5.1/pico-sdk/src/rp2_common/pico_float/float_v1_rom_shim.S.obj
                0x10004e1c                fatan2_shim
 .text.float2double_shim
                0x10004ea4       0x30 CMakeFiles/Gyro_Kalman.dir/C_/Program_Files/Raspberry_Pi/Pico_SDK_v1.5.1/pico-sdk/src/rp2_common/pico_float/float_v1_rom_shim.S.obj
                0x10004ea4                float2double_shim
 .text          0x10004ed4       0x10 CMakeFiles/Gyro_Kalman.dir/C_/Program_Files/Raspberry_Pi/Pico_SDK_v1.5.1/pico-sdk/src/rp2_common/pico_mem_ops/mem_ops_aeabi.S.obj
                0x10004ed4                __aeabi_mem_init
 .text.memset   0x10004ee4        0xc CMakeFiles/Gyro_Kalman.dir/C_/Program_Files/Raspberry_Pi/Pico_SDK_v1.5.1/pico-sdk/src/rp2_common/pico_mem_ops/mem_ops_aeabi.S.obj
                0x10004ee4                __wrap_memset
 .text.memcpy   0x10004ef0        0xc CMakeFiles/Gyro_Kalman.dir/C_/Program_Files/Raspberry_Pi/Pico_SDK_v1.5.1/pico-sdk/src/rp2_common/pico_mem_ops/mem_ops_aeabi.S.obj
                0x10004ef0                __wrap_memcpy
                0x10004ef0                __wrap___aeabi_memcpy
 .text.stdio_out_chars_no_crlf
                0x10004efc        0xe CMakeFiles/Gyro_Kalman.dir/C_/Program_Files/Raspberry_Pi/Pico_SDK_v1.5.1/pico-sdk/src/rp2_common/pico_stdio/stdio.c.obj
 *fill*         0x10004f0a        0x2 
 .text.stdio_out_chars_crlf
                0x10004f0c       0x80 CMakeFiles/Gyro_Kalman.dir/C_/Program_Files/Raspberry_Pi/Pico_SDK_v1.5.1/pico-sdk/src/rp2_common/pico_stdio/stdio.c.obj
 .text.stdio_stack_buffer_flush
                0x10004f8c       0x44 CMakeFiles/Gyro_Kalman.dir/C_/Program_Files/Raspberry_Pi/Pico_SDK_v1.5.1/pico-sdk/src/rp2_common/pico_stdio/stdio.c.obj
 .text.stdio_buffered_printer
                0x10004fd0       0x20 CMakeFiles/Gyro_Kalman.dir/C_/Program_Files/Raspberry_Pi/Pico_SDK_v1.5.1/pico-sdk/src/rp2_common/pico_stdio/stdio.c.obj
 .text.stdout_serialize_begin
                0x10004ff0       0x5c CMakeFiles/Gyro_Kalman.dir/C_/Program_Files/Raspberry_Pi/Pico_SDK_v1.5.1/pico-sdk/src/rp2_common/pico_stdio/stdio.c.obj
                0x10004ff0                stdout_serialize_begin
 .text.stdout_serialize_end
                0x1000504c       0x10 CMakeFiles/Gyro_Kalman.dir/C_/Program_Files/Raspberry_Pi/Pico_SDK_v1.5.1/pico-sdk/src/rp2_common/pico_stdio/stdio.c.obj
                0x1000504c                stdout_serialize_end
 .text.stdio_put_string
                0x1000505c       0x98 CMakeFiles/Gyro_Kalman.dir/C_/Program_Files/Raspberry_Pi/Pico_SDK_v1.5.1/pico-sdk/src/rp2_common/pico_stdio/stdio.c.obj
 .text.stdio_set_driver_enabled
                0x100050f4       0x2c CMakeFiles/Gyro_Kalman.dir/C_/Program_Files/Raspberry_Pi/Pico_SDK_v1.5.1/pico-sdk/src/rp2_common/pico_stdio/stdio.c.obj
                0x100050f4                stdio_set_driver_enabled
 .text.stdio_flush
                0x10005120       0x20 CMakeFiles/Gyro_Kalman.dir/C_/Program_Files/Raspberry_Pi/Pico_SDK_v1.5.1/pico-sdk/src/rp2_common/pico_stdio/stdio.c.obj
                0x10005120                stdio_flush
 .text.__wrap_puts
                0x10005140       0x1e CMakeFiles/Gyro_Kalman.dir/C_/Program_Files/Raspberry_Pi/Pico_SDK_v1.5.1/pico-sdk/src/rp2_common/pico_stdio/stdio.c.obj
                0x10005140                __wrap_puts
 *fill*         0x1000515e        0x2 
 .text.__wrap_vprintf
                0x10005160       0x40 CMakeFiles/Gyro_Kalman.dir/C_/Program_Files/Raspberry_Pi/Pico_SDK_v1.5.1/pico-sdk/src/rp2_common/pico_stdio/stdio.c.obj
                0x10005160                __wrap_vprintf
 .text.__wrap_printf
                0x100051a0       0x18 CMakeFiles/Gyro_Kalman.dir/C_/Program_Files/Raspberry_Pi/Pico_SDK_v1.5.1/pico-sdk/src/rp2_common/pico_stdio/stdio.c.obj
                0x100051a0                __wrap_printf
 .text.stdio_init_all
                0x100051b8        0x8 CMakeFiles/Gyro_Kalman.dir/C_/Program_Files/Raspberry_Pi/Pico_SDK_v1.5.1/pico-sdk/src/rp2_common/pico_stdio/stdio.c.obj
                0x100051b8                stdio_init_all
 .text.resetd_init
                0x100051c0        0x2 CMakeFiles/Gyro_Kalman.dir/C_/Program_Files/Raspberry_Pi/Pico_SDK_v1.5.1/pico-sdk/src/rp2_common/pico_stdio_usb/reset_interface.c.obj
 *fill*         0x100051c2        0x2 
 .text.resetd_reset
                0x100051c4        0xc CMakeFiles/Gyro_Kalman.dir/C_/Program_Files/Raspberry_Pi/Pico_SDK_v1.5.1/pico-sdk/src/rp2_common/pico_stdio_usb/reset_interface.c.obj
 .text.resetd_open
                0x100051d0       0x34 CMakeFiles/Gyro_Kalman.dir/C_/Program_Files/Raspberry_Pi/Pico_SDK_v1.5.1/pico-sdk/src/rp2_common/pico_stdio_usb/reset_interface.c.obj
 .text.resetd_xfer_cb
                0x10005204        0x4 CMakeFiles/Gyro_Kalman.dir/C_/Program_Files/Raspberry_Pi/Pico_SDK_v1.5.1/pico-sdk/src/rp2_common/pico_stdio_usb/reset_interface.c.obj
 .text.reset_usb_boot
                0x10005208       0x18 CMakeFiles/Gyro_Kalman.dir/C_/Program_Files/Raspberry_Pi/Pico_SDK_v1.5.1/pico-sdk/src/rp2_common/pico_stdio_usb/reset_interface.c.obj
 .text.resetd_control_xfer_cb
                0x10005220       0x5c CMakeFiles/Gyro_Kalman.dir/C_/Program_Files/Raspberry_Pi/Pico_SDK_v1.5.1/pico-sdk/src/rp2_common/pico_stdio_usb/reset_interface.c.obj
 .text.usbd_app_driver_get_cb
                0x1000527c        0xc CMakeFiles/Gyro_Kalman.dir/C_/Program_Files/Raspberry_Pi/Pico_SDK_v1.5.1/pico-sdk/src/rp2_common/pico_stdio_usb/reset_interface.c.obj
                0x1000527c                usbd_app_driver_get_cb
 .text.tud_cdc_line_coding_cb
                0x10005288       0x28 CMakeFiles/Gyro_Kalman.dir/C_/Program_Files/Raspberry_Pi/Pico_SDK_v1.5.1/pico-sdk/src/rp2_common/pico_stdio_usb/reset_interface.c.obj
                0x10005288                tud_cdc_line_coding_cb
 .text.stdio_usb_set_chars_available_callback
                0x100052b0       0x14 CMakeFiles/Gyro_Kalman.dir/C_/Program_Files/Raspberry_Pi/Pico_SDK_v1.5.1/pico-sdk/src/rp2_common/pico_stdio_usb/stdio_usb.c.obj
                0x100052b0                stdio_usb_set_chars_available_callback
 .text.usb_irq  0x100052c4       0x10 CMakeFiles/Gyro_Kalman.dir/C_/Program_Files/Raspberry_Pi/Pico_SDK_v1.5.1/pico-sdk/src/rp2_common/pico_stdio_usb/stdio_usb.c.obj
 .text.timer_task
                0x100052d4       0x5c CMakeFiles/Gyro_Kalman.dir/C_/Program_Files/Raspberry_Pi/Pico_SDK_v1.5.1/pico-sdk/src/rp2_common/pico_stdio_usb/stdio_usb.c.obj
 .text.low_priority_worker_irq
                0x10005330       0xdc CMakeFiles/Gyro_Kalman.dir/C_/Program_Files/Raspberry_Pi/Pico_SDK_v1.5.1/pico-sdk/src/rp2_common/pico_stdio_usb/stdio_usb.c.obj
 .text.tud_cdc_rx_cb
                0x1000540c       0x20 CMakeFiles/Gyro_Kalman.dir/C_/Program_Files/Raspberry_Pi/Pico_SDK_v1.5.1/pico-sdk/src/rp2_common/pico_stdio_usb/stdio_usb.c.obj
                0x1000540c                tud_cdc_rx_cb
 .text.stdio_usb_init
                0x1000542c      0x11c CMakeFiles/Gyro_Kalman.dir/C_/Program_Files/Raspberry_Pi/Pico_SDK_v1.5.1/pico-sdk/src/rp2_common/pico_stdio_usb/stdio_usb.c.obj
                0x1000542c                stdio_usb_init
 .text.stdio_usb_connected
                0x10005548        0xa CMakeFiles/Gyro_Kalman.dir/C_/Program_Files/Raspberry_Pi/Pico_SDK_v1.5.1/pico-sdk/src/rp2_common/pico_stdio_usb/stdio_usb.c.obj
                0x10005548                stdio_usb_connected
 *fill*         0x10005552        0x2 
 .text.stdio_usb_in_chars
                0x10005554       0xc4 CMakeFiles/Gyro_Kalman.dir/C_/Program_Files/Raspberry_Pi/Pico_SDK_v1.5.1/pico-sdk/src/rp2_common/pico_stdio_usb/stdio_usb.c.obj
                0x10005554                stdio_usb_in_chars
 .text.stdio_usb_out_chars
                0x10005618      0x114 CMakeFiles/Gyro_Kalman.dir/C_/Program_Files/Raspberry_Pi/Pico_SDK_v1.5.1/pico-sdk/src/rp2_common/pico_stdio_usb/stdio_usb.c.obj
 .text.tud_descriptor_device_cb
                0x1000572c        0x8 CMakeFiles/Gyro_Kalman.dir/C_/Program_Files/Raspberry_Pi/Pico_SDK_v1.5.1/pico-sdk/src/rp2_common/pico_stdio_usb/stdio_usb_descriptors.c.obj
                0x1000572c                tud_descriptor_device_cb
 .text.tud_descriptor_configuration_cb
                0x10005734        0x8 CMakeFiles/Gyro_Kalman.dir/C_/Program_Files/Raspberry_Pi/Pico_SDK_v1.5.1/pico-sdk/src/rp2_common/pico_stdio_usb/stdio_usb_descriptors.c.obj
                0x10005734                tud_descriptor_configuration_cb
 .text.tud_descriptor_string_cb
                0x1000573c       0x6c CMakeFiles/Gyro_Kalman.dir/C_/Program_Files/Raspberry_Pi/Pico_SDK_v1.5.1/pico-sdk/src/rp2_common/pico_stdio_usb/stdio_usb_descriptors.c.obj
                0x1000573c                tud_descriptor_string_cb
 .text._retrieve_unique_id_on_boot
                0x100057a8       0x10 CMakeFiles/Gyro_Kalman.dir/C_/Program_Files/Raspberry_Pi/Pico_SDK_v1.5.1/pico-sdk/src/rp2_common/pico_unique_id/unique_id.c.obj
 .text.pico_get_unique_board_id_string
                0x100057b8       0x60 CMakeFiles/Gyro_Kalman.dir/C_/Program_Files/Raspberry_Pi/Pico_SDK_v1.5.1/pico-sdk/src/rp2_common/pico_unique_id/unique_id.c.obj
                0x100057b8                pico_get_unique_board_id_string
 .text.flash_get_unique_id
                0x10005818       0x46 CMakeFiles/Gyro_Kalman.dir/C_/Program_Files/Raspberry_Pi/Pico_SDK_v1.5.1/pico-sdk/src/rp2_common/hardware_flash/flash.c.obj
                0x10005818                flash_get_unique_id
 *fill*         0x1000585e        0x2 
 .text.hw_endpoint_get_by_addr
                0x10005860       0x18 CMakeFiles/Gyro_Kalman.dir/C_/Program_Files/Raspberry_Pi/Pico_SDK_v1.5.1/pico-sdk/lib/tinyusb/src/portable/raspberrypi/rp2040/dcd_rp2040.c.obj
 .text._hw_endpoint_alloc
                0x10005878       0x70 CMakeFiles/Gyro_Kalman.dir/C_/Program_Files/Raspberry_Pi/Pico_SDK_v1.5.1/pico-sdk/lib/tinyusb/src/portable/raspberrypi/rp2040/dcd_rp2040.c.obj
 .text.hw_endpoint_init
                0x100058e8       0x88 CMakeFiles/Gyro_Kalman.dir/C_/Program_Files/Raspberry_Pi/Pico_SDK_v1.5.1/pico-sdk/lib/tinyusb/src/portable/raspberrypi/rp2040/dcd_rp2040.c.obj
 .text.hw_endpoint_xfer
                0x10005970       0x14 CMakeFiles/Gyro_Kalman.dir/C_/Program_Files/Raspberry_Pi/Pico_SDK_v1.5.1/pico-sdk/lib/tinyusb/src/portable/raspberrypi/rp2040/dcd_rp2040.c.obj
 .text.dcd_int_enable
                0x10005984       0x2c CMakeFiles/Gyro_Kalman.dir/C_/Program_Files/Raspberry_Pi/Pico_SDK_v1.5.1/pico-sdk/lib/tinyusb/src/portable/raspberrypi/rp2040/dcd_rp2040.c.obj
                0x10005984                dcd_int_enable
 .text.dcd_set_address
                0x100059b0       0x2c CMakeFiles/Gyro_Kalman.dir/C_/Program_Files/Raspberry_Pi/Pico_SDK_v1.5.1/pico-sdk/lib/tinyusb/src/portable/raspberrypi/rp2040/dcd_rp2040.c.obj
                0x100059b0                dcd_set_address
 .text.dcd_connect
                0x100059dc       0x10 CMakeFiles/Gyro_Kalman.dir/C_/Program_Files/Raspberry_Pi/Pico_SDK_v1.5.1/pico-sdk/lib/tinyusb/src/portable/raspberrypi/rp2040/dcd_rp2040.c.obj
                0x100059dc                dcd_connect
 .text.dcd_init
                0x100059ec       0x80 CMakeFiles/Gyro_Kalman.dir/C_/Program_Files/Raspberry_Pi/Pico_SDK_v1.5.1/pico-sdk/lib/tinyusb/src/portable/raspberrypi/rp2040/dcd_rp2040.c.obj
                0x100059ec                dcd_init
 .text.dcd_edpt0_status_complete
                0x10005a6c       0x1c CMakeFiles/Gyro_Kalman.dir/C_/Program_Files/Raspberry_Pi/Pico_SDK_v1.5.1/pico-sdk/lib/tinyusb/src/portable/raspberrypi/rp2040/dcd_rp2040.c.obj
                0x10005a6c                dcd_edpt0_status_complete
 .text.dcd_edpt_open
                0x10005a88       0x40 CMakeFiles/Gyro_Kalman.dir/C_/Program_Files/Raspberry_Pi/Pico_SDK_v1.5.1/pico-sdk/lib/tinyusb/src/portable/raspberrypi/rp2040/dcd_rp2040.c.obj
                0x10005a88                dcd_edpt_open
 .text.dcd_edpt_close_all
                0x10005ac8        0x8 CMakeFiles/Gyro_Kalman.dir/C_/Program_Files/Raspberry_Pi/Pico_SDK_v1.5.1/pico-sdk/lib/tinyusb/src/portable/raspberrypi/rp2040/dcd_rp2040.c.obj
                0x10005ac8                dcd_edpt_close_all
 .text.dcd_edpt_xfer
                0x10005ad0       0x34 CMakeFiles/Gyro_Kalman.dir/C_/Program_Files/Raspberry_Pi/Pico_SDK_v1.5.1/pico-sdk/lib/tinyusb/src/portable/raspberrypi/rp2040/dcd_rp2040.c.obj
                0x10005ad0                dcd_edpt_xfer
 .text.dcd_edpt_stall
                0x10005b04       0x2c CMakeFiles/Gyro_Kalman.dir/C_/Program_Files/Raspberry_Pi/Pico_SDK_v1.5.1/pico-sdk/lib/tinyusb/src/portable/raspberrypi/rp2040/dcd_rp2040.c.obj
                0x10005b04                dcd_edpt_stall
 .text.dcd_edpt_clear_stall
                0x10005b30       0x20 CMakeFiles/Gyro_Kalman.dir/C_/Program_Files/Raspberry_Pi/Pico_SDK_v1.5.1/pico-sdk/lib/tinyusb/src/portable/raspberrypi/rp2040/dcd_rp2040.c.obj
                0x10005b30                dcd_edpt_clear_stall
 .text.rp2040_usb_init
                0x10005b50       0x4c CMakeFiles/Gyro_Kalman.dir/C_/Program_Files/Raspberry_Pi/Pico_SDK_v1.5.1/pico-sdk/lib/tinyusb/src/portable/raspberrypi/rp2040/rp2040_usb.c.obj
                0x10005b50                rp2040_usb_init
 .text.hw_endpoint_xfer_start
                0x10005b9c       0x50 CMakeFiles/Gyro_Kalman.dir/C_/Program_Files/Raspberry_Pi/Pico_SDK_v1.5.1/pico-sdk/lib/tinyusb/src/portable/raspberrypi/rp2040/rp2040_usb.c.obj
                0x10005b9c                hw_endpoint_xfer_start
 .text.configuration_reset
                0x10005bec       0x84 CMakeFiles/Gyro_Kalman.dir/C_/Program_Files/Raspberry_Pi/Pico_SDK_v1.5.1/pico-sdk/lib/tinyusb/src/device/usbd.c.obj
 .text.usbd_reset
                0x10005c70        0xc CMakeFiles/Gyro_Kalman.dir/C_/Program_Files/Raspberry_Pi/Pico_SDK_v1.5.1/pico-sdk/lib/tinyusb/src/device/usbd.c.obj
 .text.invoke_class_control
                0x10005c7c       0x1a CMakeFiles/Gyro_Kalman.dir/C_/Program_Files/Raspberry_Pi/Pico_SDK_v1.5.1/pico-sdk/lib/tinyusb/src/device/usbd.c.obj
 *fill*         0x10005c96        0x2 
 .text.process_set_config
                0x10005c98      0x178 CMakeFiles/Gyro_Kalman.dir/C_/Program_Files/Raspberry_Pi/Pico_SDK_v1.5.1/pico-sdk/lib/tinyusb/src/device/usbd.c.obj
 .text.process_get_descriptor
                0x10005e10       0xdc CMakeFiles/Gyro_Kalman.dir/C_/Program_Files/Raspberry_Pi/Pico_SDK_v1.5.1/pico-sdk/lib/tinyusb/src/device/usbd.c.obj
 .text.tud_mounted
                0x10005eec       0x10 CMakeFiles/Gyro_Kalman.dir/C_/Program_Files/Raspberry_Pi/Pico_SDK_v1.5.1/pico-sdk/lib/tinyusb/src/device/usbd.c.obj
                0x10005eec                tud_mounted
 .text.tud_suspended
                0x10005efc       0x10 CMakeFiles/Gyro_Kalman.dir/C_/Program_Files/Raspberry_Pi/Pico_SDK_v1.5.1/pico-sdk/lib/tinyusb/src/device/usbd.c.obj
                0x10005efc                tud_suspended
 .text.tud_inited
                0x10005f0c       0x14 CMakeFiles/Gyro_Kalman.dir/C_/Program_Files/Raspberry_Pi/Pico_SDK_v1.5.1/pico-sdk/lib/tinyusb/src/device/usbd.c.obj
                0x10005f0c                tud_inited
 .text.tud_init
                0x10005f20       0xcc CMakeFiles/Gyro_Kalman.dir/C_/Program_Files/Raspberry_Pi/Pico_SDK_v1.5.1/pico-sdk/lib/tinyusb/src/device/usbd.c.obj
                0x10005f20                tud_init
 .text.usbd_defer_func
                0x10005fec       0x2a CMakeFiles/Gyro_Kalman.dir/C_/Program_Files/Raspberry_Pi/Pico_SDK_v1.5.1/pico-sdk/lib/tinyusb/src/device/usbd.c.obj
                0x10005fec                usbd_defer_func
 *fill*         0x10006016        0x2 
 .text.usbd_edpt_open
                0x10006018       0x34 CMakeFiles/Gyro_Kalman.dir/C_/Program_Files/Raspberry_Pi/Pico_SDK_v1.5.1/pico-sdk/lib/tinyusb/src/device/usbd.c.obj
                0x10006018                usbd_edpt_open
 .text.usbd_open_edpt_pair
                0x1000604c       0x62 CMakeFiles/Gyro_Kalman.dir/C_/Program_Files/Raspberry_Pi/Pico_SDK_v1.5.1/pico-sdk/lib/tinyusb/src/device/usbd.c.obj
                0x1000604c                usbd_open_edpt_pair
 *fill*         0x100060ae        0x2 
 .text.usbd_edpt_claim
                0x100060b0       0x28 CMakeFiles/Gyro_Kalman.dir/C_/Program_Files/Raspberry_Pi/Pico_SDK_v1.5.1/pico-sdk/lib/tinyusb/src/device/usbd.c.obj
                0x100060b0                usbd_edpt_claim
 .text.usbd_edpt_release
                0x100060d8       0x28 CMakeFiles/Gyro_Kalman.dir/C_/Program_Files/Raspberry_Pi/Pico_SDK_v1.5.1/pico-sdk/lib/tinyusb/src/device/usbd.c.obj
                0x100060d8                usbd_edpt_release
 .text.usbd_edpt_xfer
                0x10006100       0x78 CMakeFiles/Gyro_Kalman.dir/C_/Program_Files/Raspberry_Pi/Pico_SDK_v1.5.1/pico-sdk/lib/tinyusb/src/device/usbd.c.obj
                0x10006100                usbd_edpt_xfer
 .text.usbd_edpt_stall
                0x10006178       0x48 CMakeFiles/Gyro_Kalman.dir/C_/Program_Files/Raspberry_Pi/Pico_SDK_v1.5.1/pico-sdk/lib/tinyusb/src/device/usbd.c.obj
                0x10006178                usbd_edpt_stall
 .text.usbd_edpt_clear_stall
                0x100061c0       0x48 CMakeFiles/Gyro_Kalman.dir/C_/Program_Files/Raspberry_Pi/Pico_SDK_v1.5.1/pico-sdk/lib/tinyusb/src/device/usbd.c.obj
                0x100061c0                usbd_edpt_clear_stall
 .text.usbd_edpt_stalled
                0x10006208       0x1c CMakeFiles/Gyro_Kalman.dir/C_/Program_Files/Raspberry_Pi/Pico_SDK_v1.5.1/pico-sdk/lib/tinyusb/src/device/usbd.c.obj
                0x10006208                usbd_edpt_stalled
 .text.process_control_request
                0x10006224      0x37c CMakeFiles/Gyro_Kalman.dir/C_/Program_Files/Raspberry_Pi/Pico_SDK_v1.5.1/pico-sdk/lib/tinyusb/src/device/usbd.c.obj
 .text.tud_task_ext
                0x100065a0      0x1b8 CMakeFiles/Gyro_Kalman.dir/C_/Program_Files/Raspberry_Pi/Pico_SDK_v1.5.1/pico-sdk/lib/tinyusb/src/device/usbd.c.obj
                0x100065a0                tud_task_ext
 .text._data_stage_xact
                0x10006758       0x58 CMakeFiles/Gyro_Kalman.dir/C_/Program_Files/Raspberry_Pi/Pico_SDK_v1.5.1/pico-sdk/lib/tinyusb/src/device/usbd_control.c.obj
 .text.tud_control_status
                0x100067b0       0x38 CMakeFiles/Gyro_Kalman.dir/C_/Program_Files/Raspberry_Pi/Pico_SDK_v1.5.1/pico-sdk/lib/tinyusb/src/device/usbd_control.c.obj
                0x100067b0                tud_control_status
 .text.tud_control_xfer
                0x100067e8       0x74 CMakeFiles/Gyro_Kalman.dir/C_/Program_Files/Raspberry_Pi/Pico_SDK_v1.5.1/pico-sdk/lib/tinyusb/src/device/usbd_control.c.obj
                0x100067e8                tud_control_xfer
 .text.usbd_control_reset
                0x1000685c       0x14 CMakeFiles/Gyro_Kalman.dir/C_/Program_Files/Raspberry_Pi/Pico_SDK_v1.5.1/pico-sdk/lib/tinyusb/src/device/usbd_control.c.obj
                0x1000685c                usbd_control_reset
 .text.usbd_control_set_complete_callback
                0x10006870        0xc CMakeFiles/Gyro_Kalman.dir/C_/Program_Files/Raspberry_Pi/Pico_SDK_v1.5.1/pico-sdk/lib/tinyusb/src/device/usbd_control.c.obj
                0x10006870                usbd_control_set_complete_callback
 .text.usbd_control_set_request
                0x1000687c       0x1c CMakeFiles/Gyro_Kalman.dir/C_/Program_Files/Raspberry_Pi/Pico_SDK_v1.5.1/pico-sdk/lib/tinyusb/src/device/usbd_control.c.obj
                0x1000687c                usbd_control_set_request
 .text.usbd_control_xfer_cb
                0x10006898       0xcc CMakeFiles/Gyro_Kalman.dir/C_/Program_Files/Raspberry_Pi/Pico_SDK_v1.5.1/pico-sdk/lib/tinyusb/src/device/usbd_control.c.obj
                0x10006898                usbd_control_xfer_cb
 .text._prep_out_transaction
                0x10006964       0x4a CMakeFiles/Gyro_Kalman.dir/C_/Program_Files/Raspberry_Pi/Pico_SDK_v1.5.1/pico-sdk/lib/tinyusb/src/class/cdc/cdc_device.c.obj
 *fill*         0x100069ae        0x2 
 .text.tud_cdc_n_connected
                0x100069b0       0x44 CMakeFiles/Gyro_Kalman.dir/C_/Program_Files/Raspberry_Pi/Pico_SDK_v1.5.1/pico-sdk/lib/tinyusb/src/class/cdc/cdc_device.c.obj
                0x100069b0                tud_cdc_n_connected
 .text.tud_cdc_n_available
                0x100069f4       0x18 CMakeFiles/Gyro_Kalman.dir/C_/Program_Files/Raspberry_Pi/Pico_SDK_v1.5.1/pico-sdk/lib/tinyusb/src/class/cdc/cdc_device.c.obj
                0x100069f4                tud_cdc_n_available
 .text.tud_cdc_n_read
                0x10006a0c       0x28 CMakeFiles/Gyro_Kalman.dir/C_/Program_Files/Raspberry_Pi/Pico_SDK_v1.5.1/pico-sdk/lib/tinyusb/src/class/cdc/cdc_device.c.obj
                0x10006a0c                tud_cdc_n_read
 .text.tud_cdc_n_write_flush
                0x10006a34       0xb8 CMakeFiles/Gyro_Kalman.dir/C_/Program_Files/Raspberry_Pi/Pico_SDK_v1.5.1/pico-sdk/lib/tinyusb/src/class/cdc/cdc_device.c.obj
                0x10006a34                tud_cdc_n_write_flush
 .text.tud_cdc_n_write
                0x10006aec       0x38 CMakeFiles/Gyro_Kalman.dir/C_/Program_Files/Raspberry_Pi/Pico_SDK_v1.5.1/pico-sdk/lib/tinyusb/src/class/cdc/cdc_device.c.obj
                0x10006aec                tud_cdc_n_write
 .text.tud_cdc_n_write_available
                0x10006b24       0x1c CMakeFiles/Gyro_Kalman.dir/C_/Program_Files/Raspberry_Pi/Pico_SDK_v1.5.1/pico-sdk/lib/tinyusb/src/class/cdc/cdc_device.c.obj
                0x10006b24                tud_cdc_n_write_available
 .text.cdcd_init
                0x10006b40       0xbc CMakeFiles/Gyro_Kalman.dir/C_/Program_Files/Raspberry_Pi/Pico_SDK_v1.5.1/pico-sdk/lib/tinyusb/src/class/cdc/cdc_device.c.obj
                0x10006b40                cdcd_init
 .text.cdcd_reset
                0x10006bfc       0x44 CMakeFiles/Gyro_Kalman.dir/C_/Program_Files/Raspberry_Pi/Pico_SDK_v1.5.1/pico-sdk/lib/tinyusb/src/class/cdc/cdc_device.c.obj
                0x10006bfc                cdcd_reset
 .text.cdcd_open
                0x10006c40       0xcc CMakeFiles/Gyro_Kalman.dir/C_/Program_Files/Raspberry_Pi/Pico_SDK_v1.5.1/pico-sdk/lib/tinyusb/src/class/cdc/cdc_device.c.obj
                0x10006c40                cdcd_open
 .text.cdcd_control_xfer_cb
                0x10006d0c      0x134 CMakeFiles/Gyro_Kalman.dir/C_/Program_Files/Raspberry_Pi/Pico_SDK_v1.5.1/pico-sdk/lib/tinyusb/src/class/cdc/cdc_device.c.obj
                0x10006d0c                cdcd_control_xfer_cb
 .text.cdcd_xfer_cb
                0x10006e40      0x130 CMakeFiles/Gyro_Kalman.dir/C_/Program_Files/Raspberry_Pi/Pico_SDK_v1.5.1/pico-sdk/lib/tinyusb/src/class/cdc/cdc_device.c.obj
                0x10006e40                cdcd_xfer_cb
 .text.tusb_init
                0x10006f70        0xa CMakeFiles/Gyro_Kalman.dir/C_/Program_Files/Raspberry_Pi/Pico_SDK_v1.5.1/pico-sdk/lib/tinyusb/src/tusb.c.obj
                0x10006f70                tusb_init
 .text.tusb_inited
                0x10006f7a        0xe CMakeFiles/Gyro_Kalman.dir/C_/Program_Files/Raspberry_Pi/Pico_SDK_v1.5.1/pico-sdk/lib/tinyusb/src/tusb.c.obj
                0x10006f7a                tusb_inited
 .text.tu_edpt_claim
                0x10006f88       0x50 CMakeFiles/Gyro_Kalman.dir/C_/Program_Files/Raspberry_Pi/Pico_SDK_v1.5.1/pico-sdk/lib/tinyusb/src/tusb.c.obj
                0x10006f88                tu_edpt_claim
 .text.tu_edpt_release
                0x10006fd8       0x3c CMakeFiles/Gyro_Kalman.dir/C_/Program_Files/Raspberry_Pi/Pico_SDK_v1.5.1/pico-sdk/lib/tinyusb/src/tusb.c.obj
                0x10006fd8                tu_edpt_release
 .text.tu_edpt_validate
                0x10007014       0x78 CMakeFiles/Gyro_Kalman.dir/C_/Program_Files/Raspberry_Pi/Pico_SDK_v1.5.1/pico-sdk/lib/tinyusb/src/tusb.c.obj
                0x10007014                tu_edpt_validate
 .text.tu_edpt_bind_driver
                0x1000708c       0x26 CMakeFiles/Gyro_Kalman.dir/C_/Program_Files/Raspberry_Pi/Pico_SDK_v1.5.1/pico-sdk/lib/tinyusb/src/tusb.c.obj
                0x1000708c                tu_edpt_bind_driver
 .text.advance_index
                0x100070b2       0x1a CMakeFiles/Gyro_Kalman.dir/C_/Program_Files/Raspberry_Pi/Pico_SDK_v1.5.1/pico-sdk/lib/tinyusb/src/common/tusb_fifo.c.obj
 .text._tu_fifo_peek
                0x100070cc       0x56 CMakeFiles/Gyro_Kalman.dir/C_/Program_Files/Raspberry_Pi/Pico_SDK_v1.5.1/pico-sdk/lib/tinyusb/src/common/tusb_fifo.c.obj
 .text._ff_pull_const_addr
                0x10007122       0x4c CMakeFiles/Gyro_Kalman.dir/C_/Program_Files/Raspberry_Pi/Pico_SDK_v1.5.1/pico-sdk/lib/tinyusb/src/common/tusb_fifo.c.obj
 .text._ff_pull_n
                0x1000716e      0x110 CMakeFiles/Gyro_Kalman.dir/C_/Program_Files/Raspberry_Pi/Pico_SDK_v1.5.1/pico-sdk/lib/tinyusb/src/common/tusb_fifo.c.obj
 .text._tu_fifo_peek_n
                0x1000727e       0x6a CMakeFiles/Gyro_Kalman.dir/C_/Program_Files/Raspberry_Pi/Pico_SDK_v1.5.1/pico-sdk/lib/tinyusb/src/common/tusb_fifo.c.obj
 .text._tu_fifo_read_n
                0x100072e8       0x4e CMakeFiles/Gyro_Kalman.dir/C_/Program_Files/Raspberry_Pi/Pico_SDK_v1.5.1/pico-sdk/lib/tinyusb/src/common/tusb_fifo.c.obj
 .text._ff_push_const_addr
                0x10007336       0x40 CMakeFiles/Gyro_Kalman.dir/C_/Program_Files/Raspberry_Pi/Pico_SDK_v1.5.1/pico-sdk/lib/tinyusb/src/common/tusb_fifo.c.obj
 .text._ff_push_n
                0x10007376      0x10c CMakeFiles/Gyro_Kalman.dir/C_/Program_Files/Raspberry_Pi/Pico_SDK_v1.5.1/pico-sdk/lib/tinyusb/src/common/tusb_fifo.c.obj
 .text._tu_fifo_write_n
                0x10007482       0xf0 CMakeFiles/Gyro_Kalman.dir/C_/Program_Files/Raspberry_Pi/Pico_SDK_v1.5.1/pico-sdk/lib/tinyusb/src/common/tusb_fifo.c.obj
 .text.tu_fifo_config
                0x10007572       0x7c CMakeFiles/Gyro_Kalman.dir/C_/Program_Files/Raspberry_Pi/Pico_SDK_v1.5.1/pico-sdk/lib/tinyusb/src/common/tusb_fifo.c.obj
                0x10007572                tu_fifo_config
 .text.tu_fifo_count
                0x100075ee       0x2a CMakeFiles/Gyro_Kalman.dir/C_/Program_Files/Raspberry_Pi/Pico_SDK_v1.5.1/pico-sdk/lib/tinyusb/src/common/tusb_fifo.c.obj
                0x100075ee                tu_fifo_count
 .text.tu_fifo_empty
                0x10007618       0x10 CMakeFiles/Gyro_Kalman.dir/C_/Program_Files/Raspberry_Pi/Pico_SDK_v1.5.1/pico-sdk/lib/tinyusb/src/common/tusb_fifo.c.obj
                0x10007618                tu_fifo_empty
 .text.tu_fifo_full
                0x10007628       0x28 CMakeFiles/Gyro_Kalman.dir/C_/Program_Files/Raspberry_Pi/Pico_SDK_v1.5.1/pico-sdk/lib/tinyusb/src/common/tusb_fifo.c.obj
                0x10007628                tu_fifo_full
 .text.tu_fifo_remaining
                0x10007650       0x2c CMakeFiles/Gyro_Kalman.dir/C_/Program_Files/Raspberry_Pi/Pico_SDK_v1.5.1/pico-sdk/lib/tinyusb/src/common/tusb_fifo.c.obj
                0x10007650                tu_fifo_remaining
 .text.tu_fifo_read
                0x1000767c       0x42 CMakeFiles/Gyro_Kalman.dir/C_/Program_Files/Raspberry_Pi/Pico_SDK_v1.5.1/pico-sdk/lib/tinyusb/src/common/tusb_fifo.c.obj
                0x1000767c                tu_fifo_read
 .text.tu_fifo_read_n
                0x100076be        0xa CMakeFiles/Gyro_Kalman.dir/C_/Program_Files/Raspberry_Pi/Pico_SDK_v1.5.1/pico-sdk/lib/tinyusb/src/common/tusb_fifo.c.obj
                0x100076be                tu_fifo_read_n
 .text.tu_fifo_write
                0x100076c8       0x64 CMakeFiles/Gyro_Kalman.dir/C_/Program_Files/Raspberry_Pi/Pico_SDK_v1.5.1/pico-sdk/lib/tinyusb/src/common/tusb_fifo.c.obj
                0x100076c8                tu_fifo_write
 .text.tu_fifo_write_n
                0x1000772c        0xa CMakeFiles/Gyro_Kalman.dir/C_/Program_Files/Raspberry_Pi/Pico_SDK_v1.5.1/pico-sdk/lib/tinyusb/src/common/tusb_fifo.c.obj
                0x1000772c                tu_fifo_write_n
 .text.tu_fifo_clear
                0x10007736       0x3e CMakeFiles/Gyro_Kalman.dir/C_/Program_Files/Raspberry_Pi/Pico_SDK_v1.5.1/pico-sdk/lib/tinyusb/src/common/tusb_fifo.c.obj
                0x10007736                tu_fifo_clear
 .text.tu_fifo_set_overwritable
                0x10007774       0x46 CMakeFiles/Gyro_Kalman.dir/C_/Program_Files/Raspberry_Pi/Pico_SDK_v1.5.1/pico-sdk/lib/tinyusb/src/common/tusb_fifo.c.obj
                0x10007774                tu_fifo_set_overwritable
 .text.i2c_write_blocking_internal
                0x100077ba      0x140 CMakeFiles/Gyro_Kalman.dir/C_/Program_Files/Raspberry_Pi/Pico_SDK_v1.5.1/pico-sdk/src/rp2_common/hardware_i2c/i2c.c.obj
 .text.i2c_read_blocking_internal
                0x100078fa       0xe6 CMakeFiles/Gyro_Kalman.dir/C_/Program_Files/Raspberry_Pi/Pico_SDK_v1.5.1/pico-sdk/src/rp2_common/hardware_i2c/i2c.c.obj
 .text.i2c_set_baudrate
                0x100079e0       0xf0 CMakeFiles/Gyro_Kalman.dir/C_/Program_Files/Raspberry_Pi/Pico_SDK_v1.5.1/pico-sdk/src/rp2_common/hardware_i2c/i2c.c.obj
                0x100079e0                i2c_set_baudrate
 .text.i2c_init
                0x10007ad0       0x58 CMakeFiles/Gyro_Kalman.dir/C_/Program_Files/Raspberry_Pi/Pico_SDK_v1.5.1/pico-sdk/src/rp2_common/hardware_i2c/i2c.c.obj
                0x10007ad0                i2c_init
 .text.i2c_write_blocking
                0x10007b28       0x18 CMakeFiles/Gyro_Kalman.dir/C_/Program_Files/Raspberry_Pi/Pico_SDK_v1.5.1/pico-sdk/src/rp2_common/hardware_i2c/i2c.c.obj
                0x10007b28                i2c_write_blocking
 .text.i2c_read_blocking
                0x10007b40       0x18 CMakeFiles/Gyro_Kalman.dir/C_/Program_Files/Raspberry_Pi/Pico_SDK_v1.5.1/pico-sdk/src/rp2_common/hardware_i2c/i2c.c.obj
                0x10007b40                i2c_read_blocking
 .text.strlen   0x10007b58       0x5c c:/progra~1/raspbe~1/picosd~1.1/gcc-ar~1/bin/../lib/gcc/arm-none-eabi/10.3.1/../../../../arm-none-eabi/lib/thumb/v6-m/nofp\libg.a(lib_a-strlen-stub.o)
                0x10007b58                strlen
 *(.fini)
 .fini          0x10007bb4        0x4 c:/progra~1/raspbe~1/picosd~1.1/gcc-ar~1/bin/../lib/gcc/arm-none-eabi/10.3.1/thumb/v6-m/nofp/crti.o
                0x10007bb4                _fini
 .fini.__stub   0x10007bb8       0xe0 linker stubs
 *crtbegin.o(.ctors)
 *crtbegin?.o(.ctors)
 *(EXCLUDE_FILE(*crtend.o *crtend?.o) .ctors)
 *(SORT_BY_NAME(.ctors.*))
 *(.ctors)
 *crtbegin.o(.dtors)
 *crtbegin?.o(.dtors)
 *(EXCLUDE_FILE(*crtend.o *crtend?.o) .dtors)
 *(SORT_BY_NAME(.dtors.*))
 *(.dtors)
 *(.eh_frame*)
 .eh_frame      0x10007c98        0x0 c:/progra~1/raspbe~1/picosd~1.1/gcc-ar~1/bin/../lib/gcc/arm-none-eabi/10.3.1/thumb/v6-m/nofp/crtbegin.o
                0x10007c98                . = ALIGN (0x4)

.glue_7         0x10007c98        0x0
 .glue_7        0x10007c98        0x0 linker stubs

.glue_7t        0x10007c98        0x0
 .glue_7t       0x10007c98        0x0 linker stubs

.vfp11_veneer   0x10007c98        0x0
 .vfp11_veneer  0x10007c98        0x0 linker stubs

.v4_bx          0x10007c98        0x0
 .v4_bx         0x10007c98        0x0 linker stubs

.iplt           0x10007c98        0x0
 .iplt          0x10007c98        0x0 c:/progra~1/raspbe~1/picosd~1.1/gcc-ar~1/bin/../lib/gcc/arm-none-eabi/10.3.1/thumb/v6-m/nofp/crtbegin.o

.rodata         0x10007c98     0x19a0
 *(EXCLUDE_FILE(*libm.a: *libc.a:*lib_a-mem*.o *libgcc.a:) .rodata*)
 .rodata.mpu6050_reset.str1.4
                0x10007c98       0x34 CMakeFiles/Gyro_Kalman.dir/main.c.obj
 .rodata.mpu6050_calibrate.str1.4
                0x10007ccc       0xba CMakeFiles/Gyro_Kalman.dir/main.c.obj
                                 0xf2 (size before relaxing)
 *fill*         0x10007d86        0x2 
 .rodata.main.str1.4
                0x10007d88       0xf4 CMakeFiles/Gyro_Kalman.dir/main.c.obj
                                 0xf8 (size before relaxing)
 .rodata.spin_lock_claim_unused.str1.4
                0x10007e7c       0x1b CMakeFiles/Gyro_Kalman.dir/C_/Program_Files/Raspberry_Pi/Pico_SDK_v1.5.1/pico-sdk/src/rp2_common/hardware_sync/sync.c.obj
 *fill*         0x10007e97        0x1 
 .rodata.make_branch.str1.4
                0x10007e98       0x89 CMakeFiles/Gyro_Kalman.dir/C_/Program_Files/Raspberry_Pi/Pico_SDK_v1.5.1/pico-sdk/src/rp2_common/hardware_irq/irq.c.obj
 *fill*         0x10007f21        0x3 
 .rodata.insert_branch_and_link.str1.4
                0x10007f24       0x10 CMakeFiles/Gyro_Kalman.dir/C_/Program_Files/Raspberry_Pi/Pico_SDK_v1.5.1/pico-sdk/src/rp2_common/hardware_irq/irq.c.obj
 .rodata.irq_set_exclusive_handler.str1.4
                0x10007f34       0x36 CMakeFiles/Gyro_Kalman.dir/C_/Program_Files/Raspberry_Pi/Pico_SDK_v1.5.1/pico-sdk/src/rp2_common/hardware_irq/irq.c.obj
 *fill*         0x10007f6a        0x2 
 .rodata.irq_add_shared_handler.str1.4
                0x10007f6c       0xd9 CMakeFiles/Gyro_Kalman.dir/C_/Program_Files/Raspberry_Pi/Pico_SDK_v1.5.1/pico-sdk/src/rp2_common/hardware_irq/irq.c.obj
 *fill*         0x10008045        0x3 
 .rodata.irq_remove_handler.str1.4
                0x10008048       0x3a CMakeFiles/Gyro_Kalman.dir/C_/Program_Files/Raspberry_Pi/Pico_SDK_v1.5.1/pico-sdk/src/rp2_common/hardware_irq/irq.c.obj
 *fill*         0x10008082        0x2 
 .rodata.irq_add_tail_to_free_list.str1.4
                0x10008084       0x3a CMakeFiles/Gyro_Kalman.dir/C_/Program_Files/Raspberry_Pi/Pico_SDK_v1.5.1/pico-sdk/src/rp2_common/hardware_irq/irq.c.obj
 *fill*         0x100080be        0x2 
 .rodata.user_irq_claim_unused.str1.4
                0x100080c0       0x1b CMakeFiles/Gyro_Kalman.dir/C_/Program_Files/Raspberry_Pi/Pico_SDK_v1.5.1/pico-sdk/src/rp2_common/hardware_irq/irq.c.obj
 *fill*         0x100080db        0x1 
 .rodata.__func__.0
                0x100080dc       0x1a CMakeFiles/Gyro_Kalman.dir/C_/Program_Files/Raspberry_Pi/Pico_SDK_v1.5.1/pico-sdk/src/rp2_common/hardware_irq/irq.c.obj
 *fill*         0x100080f6        0x2 
 .rodata.__func__.1
                0x100080f8       0x17 CMakeFiles/Gyro_Kalman.dir/C_/Program_Files/Raspberry_Pi/Pico_SDK_v1.5.1/pico-sdk/src/rp2_common/hardware_irq/irq.c.obj
 *fill*         0x1000810f        0x1 
 .rodata.__func__.2
                0x10008110       0x13 CMakeFiles/Gyro_Kalman.dir/C_/Program_Files/Raspberry_Pi/Pico_SDK_v1.5.1/pico-sdk/src/rp2_common/hardware_irq/irq.c.obj
 *fill*         0x10008123        0x1 
 .rodata.__func__.3
                0x10008124        0xc CMakeFiles/Gyro_Kalman.dir/C_/Program_Files/Raspberry_Pi/Pico_SDK_v1.5.1/pico-sdk/src/rp2_common/hardware_irq/irq.c.obj
 .rodata.__func__.4
                0x10008130        0xf CMakeFiles/Gyro_Kalman.dir/C_/Program_Files/Raspberry_Pi/Pico_SDK_v1.5.1/pico-sdk/src/rp2_common/hardware_irq/irq.c.obj
 *fill*         0x1000813f        0x1 
 .rodata.__func__.5
                0x10008140       0x17 CMakeFiles/Gyro_Kalman.dir/C_/Program_Files/Raspberry_Pi/Pico_SDK_v1.5.1/pico-sdk/src/rp2_common/hardware_irq/irq.c.obj
 *fill*         0x10008157        0x1 
 .rodata.__func__.6
                0x10008158       0x1a CMakeFiles/Gyro_Kalman.dir/C_/Program_Files/Raspberry_Pi/Pico_SDK_v1.5.1/pico-sdk/src/rp2_common/hardware_irq/irq.c.obj
 *fill*         0x10008172        0x2 
 .rodata.str1.4
                0x10008174      0x125 CMakeFiles/Gyro_Kalman.dir/C_/Program_Files/Raspberry_Pi/Pico_SDK_v1.5.1/pico-sdk/src/common/pico_sync/mutex.c.obj
 *fill*         0x10008299        0x3 
 .rodata.__func__.1
                0x1000829c        0xb CMakeFiles/Gyro_Kalman.dir/C_/Program_Files/Raspberry_Pi/Pico_SDK_v1.5.1/pico-sdk/src/common/pico_sync/mutex.c.obj
 *fill*         0x100082a7        0x1 
 .rodata.__func__.3
                0x100082a8       0x18 CMakeFiles/Gyro_Kalman.dir/C_/Program_Files/Raspberry_Pi/Pico_SDK_v1.5.1/pico-sdk/src/common/pico_sync/mutex.c.obj
 .rodata.__func__.4
                0x100082c0       0x15 CMakeFiles/Gyro_Kalman.dir/C_/Program_Files/Raspberry_Pi/Pico_SDK_v1.5.1/pico-sdk/src/common/pico_sync/mutex.c.obj
 *fill*         0x100082d5        0x3 
 .rodata.repeating_timer_callback.str1.4
                0x100082d8       0x67 CMakeFiles/Gyro_Kalman.dir/C_/Program_Files/Raspberry_Pi/Pico_SDK_v1.5.1/pico-sdk/src/common/pico_time/time.c.obj
 *fill*         0x1000833f        0x1 
 .rodata.timer_pool_entry_comparator.str1.4
                0x10008340       0x22 CMakeFiles/Gyro_Kalman.dir/C_/Program_Files/Raspberry_Pi/Pico_SDK_v1.5.1/pico-sdk/src/common/pico_time/time.c.obj
 *fill*         0x10008362        0x2 
 .rodata.ph_add_child_node.str1.4
                0x10008364       0xb2 CMakeFiles/Gyro_Kalman.dir/C_/Program_Files/Raspberry_Pi/Pico_SDK_v1.5.1/pico-sdk/src/common/pico_time/time.c.obj
 *fill*         0x10008416        0x2 
 .rodata.add_alarm_under_lock.str1.4
                0x10008418       0x28 CMakeFiles/Gyro_Kalman.dir/C_/Program_Files/Raspberry_Pi/Pico_SDK_v1.5.1/pico-sdk/src/common/pico_time/time.c.obj
                                 0x2b (size before relaxing)
 .rodata.alarm_pool_alarm_callback.str1.4
                0x10008440       0x98 CMakeFiles/Gyro_Kalman.dir/C_/Program_Files/Raspberry_Pi/Pico_SDK_v1.5.1/pico-sdk/src/common/pico_time/time.c.obj
                                0x118 (size before relaxing)
 .rodata.alarm_pool_get_default.str1.4
                0x100084d8       0x21 CMakeFiles/Gyro_Kalman.dir/C_/Program_Files/Raspberry_Pi/Pico_SDK_v1.5.1/pico-sdk/src/common/pico_time/time.c.obj
 *fill*         0x100084f9        0x3 
 .rodata.alarm_pool_cancel_alarm.str1.4
                0x100084fc       0x27 CMakeFiles/Gyro_Kalman.dir/C_/Program_Files/Raspberry_Pi/Pico_SDK_v1.5.1/pico-sdk/src/common/pico_time/time.c.obj
 *fill*         0x10008523        0x1 
 .rodata.sleep_until.str1.4
                0x10008524       0x4d CMakeFiles/Gyro_Kalman.dir/C_/Program_Files/Raspberry_Pi/Pico_SDK_v1.5.1/pico-sdk/src/common/pico_time/time.c.obj
 *fill*         0x10008571        0x3 
 .rodata.__func__.1
                0x10008574       0x18 CMakeFiles/Gyro_Kalman.dir/C_/Program_Files/Raspberry_Pi/Pico_SDK_v1.5.1/pico-sdk/src/common/pico_time/time.c.obj
 .rodata.__func__.10
                0x1000858c       0x15 CMakeFiles/Gyro_Kalman.dir/C_/Program_Files/Raspberry_Pi/Pico_SDK_v1.5.1/pico-sdk/src/common/pico_time/time.c.obj
 *fill*         0x100085a1        0x3 
 .rodata.__func__.11
                0x100085a4       0x1a CMakeFiles/Gyro_Kalman.dir/C_/Program_Files/Raspberry_Pi/Pico_SDK_v1.5.1/pico-sdk/src/common/pico_time/time.c.obj
 *fill*         0x100085be        0x2 
 .rodata.__func__.12
                0x100085c0        0xa CMakeFiles/Gyro_Kalman.dir/C_/Program_Files/Raspberry_Pi/Pico_SDK_v1.5.1/pico-sdk/src/common/pico_time/time.c.obj
 *fill*         0x100085ca        0x2 
 .rodata.__func__.3
                0x100085cc       0x17 CMakeFiles/Gyro_Kalman.dir/C_/Program_Files/Raspberry_Pi/Pico_SDK_v1.5.1/pico-sdk/src/common/pico_time/time.c.obj
 *fill*         0x100085e3        0x1 
 .rodata.__func__.4
                0x100085e4       0x12 CMakeFiles/Gyro_Kalman.dir/C_/Program_Files/Raspberry_Pi/Pico_SDK_v1.5.1/pico-sdk/src/common/pico_time/time.c.obj
 *fill*         0x100085f6        0x2 
 .rodata.__func__.5
                0x100085f8        0xd CMakeFiles/Gyro_Kalman.dir/C_/Program_Files/Raspberry_Pi/Pico_SDK_v1.5.1/pico-sdk/src/common/pico_time/time.c.obj
 *fill*         0x10008605        0x3 
 .rodata.__func__.6
                0x10008608       0x12 CMakeFiles/Gyro_Kalman.dir/C_/Program_Files/Raspberry_Pi/Pico_SDK_v1.5.1/pico-sdk/src/common/pico_time/time.c.obj
 *fill*         0x1000861a        0x2 
 .rodata.__func__.7
                0x1000861c        0xf CMakeFiles/Gyro_Kalman.dir/C_/Program_Files/Raspberry_Pi/Pico_SDK_v1.5.1/pico-sdk/src/common/pico_time/time.c.obj
 *fill*         0x1000862b        0x1 
 .rodata.__func__.8
                0x1000862c        0xc CMakeFiles/Gyro_Kalman.dir/C_/Program_Files/Raspberry_Pi/Pico_SDK_v1.5.1/pico-sdk/src/common/pico_time/time.c.obj
 .rodata.__func__.9
                0x10008638       0x15 CMakeFiles/Gyro_Kalman.dir/C_/Program_Files/Raspberry_Pi/Pico_SDK_v1.5.1/pico-sdk/src/common/pico_time/time.c.obj
 *fill*         0x1000864d        0x3 
 .rodata.hardware_alarm_claim.str1.4
                0x10008650       0x22 CMakeFiles/Gyro_Kalman.dir/C_/Program_Files/Raspberry_Pi/Pico_SDK_v1.5.1/pico-sdk/src/rp2_common/hardware_timer/timer.c.obj
 *fill*         0x10008672        0x2 
 .rodata.hardware_alarm_set_target.str1.4
                0x10008674       0x81 CMakeFiles/Gyro_Kalman.dir/C_/Program_Files/Raspberry_Pi/Pico_SDK_v1.5.1/pico-sdk/src/rp2_common/hardware_timer/timer.c.obj
 *fill*         0x100086f5        0x3 
 .rodata.__func__.0
                0x100086f8       0x1a CMakeFiles/Gyro_Kalman.dir/C_/Program_Files/Raspberry_Pi/Pico_SDK_v1.5.1/pico-sdk/src/rp2_common/hardware_timer/timer.c.obj
 .rodata.ph_add_child_node.str1.4
                0x10008712       0xb2 CMakeFiles/Gyro_Kalman.dir/C_/Program_Files/Raspberry_Pi/Pico_SDK_v1.5.1/pico-sdk/src/common/pico_util/pheap.c.obj
 *fill*         0x10008712        0x2 
 .rodata.ph_remove_any_head.str1.4
                0x10008714       0xa8 CMakeFiles/Gyro_Kalman.dir/C_/Program_Files/Raspberry_Pi/Pico_SDK_v1.5.1/pico-sdk/src/common/pico_util/pheap.c.obj
                                 0xbc (size before relaxing)
 .rodata.ph_remove_and_free_node.str1.4
                0x100087bc       0x1e CMakeFiles/Gyro_Kalman.dir/C_/Program_Files/Raspberry_Pi/Pico_SDK_v1.5.1/pico-sdk/src/common/pico_util/pheap.c.obj
                                 0x26 (size before relaxing)
 *fill*         0x100087da        0x2 
 .rodata.__func__.0
                0x100087dc       0x18 CMakeFiles/Gyro_Kalman.dir/C_/Program_Files/Raspberry_Pi/Pico_SDK_v1.5.1/pico-sdk/src/common/pico_util/pheap.c.obj
 .rodata.__func__.1
                0x100087f4       0x13 CMakeFiles/Gyro_Kalman.dir/C_/Program_Files/Raspberry_Pi/Pico_SDK_v1.5.1/pico-sdk/src/common/pico_util/pheap.c.obj
 *fill*         0x10008807        0x1 
 .rodata.__func__.2
                0x10008808       0x12 CMakeFiles/Gyro_Kalman.dir/C_/Program_Files/Raspberry_Pi/Pico_SDK_v1.5.1/pico-sdk/src/common/pico_util/pheap.c.obj
 *fill*         0x1000881a        0x2 
 .rodata.__func__.3
                0x1000881c        0xc CMakeFiles/Gyro_Kalman.dir/C_/Program_Files/Raspberry_Pi/Pico_SDK_v1.5.1/pico-sdk/src/common/pico_util/pheap.c.obj
 .rodata.clock_configure.str1.4
                0x10008828       0x73 CMakeFiles/Gyro_Kalman.dir/C_/Program_Files/Raspberry_Pi/Pico_SDK_v1.5.1/pico-sdk/src/rp2_common/hardware_clocks/clocks.c.obj
 *fill*         0x1000889b        0x1 
 .rodata.__func__.1
                0x1000889c       0x10 CMakeFiles/Gyro_Kalman.dir/C_/Program_Files/Raspberry_Pi/Pico_SDK_v1.5.1/pico-sdk/src/rp2_common/hardware_clocks/clocks.c.obj
 .rodata.pll_init.str1.4
                0x100088ac      0x140 CMakeFiles/Gyro_Kalman.dir/C_/Program_Files/Raspberry_Pi/Pico_SDK_v1.5.1/pico-sdk/src/rp2_common/hardware_pll/pll.c.obj
 .rodata.__func__.0
                0x100089ec        0x9 CMakeFiles/Gyro_Kalman.dir/C_/Program_Files/Raspberry_Pi/Pico_SDK_v1.5.1/pico-sdk/src/rp2_common/hardware_pll/pll.c.obj
 *fill*         0x100089f5        0x3 
 .rodata.__assert_func.str1.4
                0x100089f8       0x3f CMakeFiles/Gyro_Kalman.dir/C_/Program_Files/Raspberry_Pi/Pico_SDK_v1.5.1/pico-sdk/src/rp2_common/pico_runtime/runtime.c.obj
                                 0x43 (size before relaxing)
 *fill*         0x10008a37        0x1 
 .rodata.runtime_init.str1.4
                0x10008a38       0x7d CMakeFiles/Gyro_Kalman.dir/C_/Program_Files/Raspberry_Pi/Pico_SDK_v1.5.1/pico-sdk/src/rp2_common/pico_runtime/runtime.c.obj
 *fill*         0x10008ab5        0x3 
 .rodata.panic.str1.4
                0x10008ab8       0x10 CMakeFiles/Gyro_Kalman.dir/C_/Program_Files/Raspberry_Pi/Pico_SDK_v1.5.1/pico-sdk/src/rp2_common/pico_runtime/runtime.c.obj
                                 0x12 (size before relaxing)
 .rodata.__func__.2
                0x10008ac8        0xd CMakeFiles/Gyro_Kalman.dir/C_/Program_Files/Raspberry_Pi/Pico_SDK_v1.5.1/pico-sdk/src/rp2_common/pico_runtime/runtime.c.obj
 *fill*         0x10008ad5        0x3 
 .rodata._ftoa.str1.4
                0x10008ad8       0x15 CMakeFiles/Gyro_Kalman.dir/C_/Program_Files/Raspberry_Pi/Pico_SDK_v1.5.1/pico-sdk/src/rp2_common/pico_printf/printf.c.obj
 *fill*         0x10008aed        0x3 
 .rodata._vsnprintf
                0x10008af0      0x1e0 CMakeFiles/Gyro_Kalman.dir/C_/Program_Files/Raspberry_Pi/Pico_SDK_v1.5.1/pico-sdk/src/rp2_common/pico_printf/printf.c.obj
 .rodata.pow10.0
                0x10008cd0       0x50 CMakeFiles/Gyro_Kalman.dir/C_/Program_Files/Raspberry_Pi/Pico_SDK_v1.5.1/pico-sdk/src/rp2_common/pico_printf/printf.c.obj
 .rodata.__aeabi_double_init.str1.4
                0x10008d20       0xb8 CMakeFiles/Gyro_Kalman.dir/C_/Program_Files/Raspberry_Pi/Pico_SDK_v1.5.1/pico-sdk/src/rp2_common/pico_double/double_init_rom.c.obj
 .rodata.__func__.0
                0x10008dd8       0x14 CMakeFiles/Gyro_Kalman.dir/C_/Program_Files/Raspberry_Pi/Pico_SDK_v1.5.1/pico-sdk/src/rp2_common/pico_double/double_init_rom.c.obj
 .rodata.__aeabi_float_init.str1.4
                0x10008dec       0x96 CMakeFiles/Gyro_Kalman.dir/C_/Program_Files/Raspberry_Pi/Pico_SDK_v1.5.1/pico-sdk/src/rp2_common/pico_float/float_init_rom.c.obj
                                 0x9a (size before relaxing)
 *fill*         0x10008e82        0x2 
 .rodata.__func__.0
                0x10008e84       0x13 CMakeFiles/Gyro_Kalman.dir/C_/Program_Files/Raspberry_Pi/Pico_SDK_v1.5.1/pico-sdk/src/rp2_common/pico_float/float_init_rom.c.obj
 *fill*         0x10008e97        0x1 
 .rodata.str1.4
                0x10008e98       0x40 CMakeFiles/Gyro_Kalman.dir/C_/Program_Files/Raspberry_Pi/Pico_SDK_v1.5.1/pico-sdk/src/rp2_common/pico_standard_link/binary_info.c.obj
 .rodata.__bi_44
                0x10008ed8        0xc CMakeFiles/Gyro_Kalman.dir/C_/Program_Files/Raspberry_Pi/Pico_SDK_v1.5.1/pico-sdk/src/rp2_common/pico_standard_link/binary_info.c.obj
 .rodata.__bi_75
                0x10008ee4        0xc CMakeFiles/Gyro_Kalman.dir/C_/Program_Files/Raspberry_Pi/Pico_SDK_v1.5.1/pico-sdk/src/rp2_common/pico_standard_link/binary_info.c.obj
 .rodata.__bi_81
                0x10008ef0        0xc CMakeFiles/Gyro_Kalman.dir/C_/Program_Files/Raspberry_Pi/Pico_SDK_v1.5.1/pico-sdk/src/rp2_common/pico_standard_link/binary_info.c.obj
 .rodata.stdout_serialize_begin.str1.4
                0x10008efc       0x7d CMakeFiles/Gyro_Kalman.dir/C_/Program_Files/Raspberry_Pi/Pico_SDK_v1.5.1/pico-sdk/src/rp2_common/pico_stdio/stdio.c.obj
 .rodata.__func__.3
                0x10008efc       0x15 CMakeFiles/Gyro_Kalman.dir/C_/Program_Files/Raspberry_Pi/Pico_SDK_v1.5.1/pico-sdk/src/rp2_common/pico_stdio/stdio.c.obj
 *fill*         0x10008f11        0x3 
 .rodata.crlf_str.2
                0x10008f14        0x2 CMakeFiles/Gyro_Kalman.dir/C_/Program_Files/Raspberry_Pi/Pico_SDK_v1.5.1/pico-sdk/src/rp2_common/pico_stdio/stdio.c.obj
 *fill*         0x10008f16        0x2 
 .rodata._resetd_driver
                0x10008f18       0x18 CMakeFiles/Gyro_Kalman.dir/C_/Program_Files/Raspberry_Pi/Pico_SDK_v1.5.1/pico-sdk/src/rp2_common/pico_stdio_usb/reset_interface.c.obj
 .rodata.low_priority_worker_irq.str1.4
                0x10008f30       0x7d CMakeFiles/Gyro_Kalman.dir/C_/Program_Files/Raspberry_Pi/Pico_SDK_v1.5.1/pico-sdk/src/rp2_common/pico_stdio_usb/stdio_usb.c.obj
 .rodata.stdio_usb_init.str1.4
                0x10008f30       0x61 CMakeFiles/Gyro_Kalman.dir/C_/Program_Files/Raspberry_Pi/Pico_SDK_v1.5.1/pico-sdk/src/rp2_common/pico_stdio_usb/stdio_usb.c.obj
                                 0x69 (size before relaxing)
 *fill*         0x10008f91        0x3 
 .rodata.str1.4
                0x10008f94       0x13 CMakeFiles/Gyro_Kalman.dir/C_/Program_Files/Raspberry_Pi/Pico_SDK_v1.5.1/pico-sdk/src/rp2_common/pico_stdio_usb/stdio_usb.c.obj
 *fill*         0x10008fa7        0x1 
 .rodata.__bi_182.0
                0x10008fa8        0xc CMakeFiles/Gyro_Kalman.dir/C_/Program_Files/Raspberry_Pi/Pico_SDK_v1.5.1/pico-sdk/src/rp2_common/pico_stdio_usb/stdio_usb.c.obj
 .rodata.__func__.1
                0x10008fb4        0xf CMakeFiles/Gyro_Kalman.dir/C_/Program_Files/Raspberry_Pi/Pico_SDK_v1.5.1/pico-sdk/src/rp2_common/pico_stdio_usb/stdio_usb.c.obj
 *fill*         0x10008fc3        0x1 
 .rodata.__func__.3
                0x10008fc4       0x15 CMakeFiles/Gyro_Kalman.dir/C_/Program_Files/Raspberry_Pi/Pico_SDK_v1.5.1/pico-sdk/src/rp2_common/pico_stdio_usb/stdio_usb.c.obj
 *fill*         0x10008fd9        0x3 
 .rodata.str1.4
                0x10008fdc       0x2a CMakeFiles/Gyro_Kalman.dir/C_/Program_Files/Raspberry_Pi/Pico_SDK_v1.5.1/pico-sdk/src/rp2_common/pico_stdio_usb/stdio_usb_descriptors.c.obj
 *fill*         0x10009006        0x2 
 .rodata.usbd_desc_cfg
                0x10009008       0x54 CMakeFiles/Gyro_Kalman.dir/C_/Program_Files/Raspberry_Pi/Pico_SDK_v1.5.1/pico-sdk/src/rp2_common/pico_stdio_usb/stdio_usb_descriptors.c.obj
 .rodata.usbd_desc_device
                0x1000905c       0x12 CMakeFiles/Gyro_Kalman.dir/C_/Program_Files/Raspberry_Pi/Pico_SDK_v1.5.1/pico-sdk/src/rp2_common/pico_stdio_usb/stdio_usb_descriptors.c.obj
 *fill*         0x1000906e        0x2 
 .rodata.usbd_desc_str
                0x10009070       0x18 CMakeFiles/Gyro_Kalman.dir/C_/Program_Files/Raspberry_Pi/Pico_SDK_v1.5.1/pico-sdk/src/rp2_common/pico_stdio_usb/stdio_usb_descriptors.c.obj
 .rodata.pico_get_unique_board_id_string.str1.4
                0x10009088       0x69 CMakeFiles/Gyro_Kalman.dir/C_/Program_Files/Raspberry_Pi/Pico_SDK_v1.5.1/pico-sdk/src/rp2_common/pico_unique_id/unique_id.c.obj
 *fill*         0x100090f1        0x3 
 .rodata.__func__.0
                0x100090f4       0x20 CMakeFiles/Gyro_Kalman.dir/C_/Program_Files/Raspberry_Pi/Pico_SDK_v1.5.1/pico-sdk/src/rp2_common/pico_unique_id/unique_id.c.obj
 .rodata.str1.4
                0x10009114      0x176 CMakeFiles/Gyro_Kalman.dir/C_/Program_Files/Raspberry_Pi/Pico_SDK_v1.5.1/pico-sdk/src/rp2_common/hardware_flash/flash.c.obj
 *fill*         0x1000928a        0x2 
 .rodata.__func__.0
                0x1000928c        0xd CMakeFiles/Gyro_Kalman.dir/C_/Program_Files/Raspberry_Pi/Pico_SDK_v1.5.1/pico-sdk/src/rp2_common/hardware_flash/flash.c.obj
 *fill*         0x10009299        0x3 
 .rodata._hw_endpoint_alloc.str1.4
                0x1000929c       0xd1 CMakeFiles/Gyro_Kalman.dir/C_/Program_Files/Raspberry_Pi/Pico_SDK_v1.5.1/pico-sdk/lib/tinyusb/src/portable/raspberrypi/rp2040/dcd_rp2040.c.obj
 *fill*         0x1000936d        0x3 
 .rodata.str1.4
                0x10009370       0x14 CMakeFiles/Gyro_Kalman.dir/C_/Program_Files/Raspberry_Pi/Pico_SDK_v1.5.1/pico-sdk/lib/tinyusb/src/portable/raspberrypi/rp2040/dcd_rp2040.c.obj
 .rodata.dcd_int_enable.str1.4
                0x10009384        0xc CMakeFiles/Gyro_Kalman.dir/C_/Program_Files/Raspberry_Pi/Pico_SDK_v1.5.1/pico-sdk/lib/tinyusb/src/portable/raspberrypi/rp2040/dcd_rp2040.c.obj
 .rodata.__func__.0
                0x10009390        0xe CMakeFiles/Gyro_Kalman.dir/C_/Program_Files/Raspberry_Pi/Pico_SDK_v1.5.1/pico-sdk/lib/tinyusb/src/portable/raspberrypi/rp2040/dcd_rp2040.c.obj
 *fill*         0x1000939e        0x2 
 .rodata.__func__.1
                0x100093a0        0xe CMakeFiles/Gyro_Kalman.dir/C_/Program_Files/Raspberry_Pi/Pico_SDK_v1.5.1/pico-sdk/lib/tinyusb/src/portable/raspberrypi/rp2040/dcd_rp2040.c.obj
 *fill*         0x100093ae        0x2 
 .rodata.__func__.3
                0x100093b0       0x10 CMakeFiles/Gyro_Kalman.dir/C_/Program_Files/Raspberry_Pi/Pico_SDK_v1.5.1/pico-sdk/lib/tinyusb/src/portable/raspberrypi/rp2040/dcd_rp2040.c.obj
 .rodata.__func__.5
                0x100093c0        0xf CMakeFiles/Gyro_Kalman.dir/C_/Program_Files/Raspberry_Pi/Pico_SDK_v1.5.1/pico-sdk/lib/tinyusb/src/portable/raspberrypi/rp2040/dcd_rp2040.c.obj
 *fill*         0x100093cf        0x1 
 .rodata.__func__.6
                0x100093d0       0x13 CMakeFiles/Gyro_Kalman.dir/C_/Program_Files/Raspberry_Pi/Pico_SDK_v1.5.1/pico-sdk/lib/tinyusb/src/portable/raspberrypi/rp2040/dcd_rp2040.c.obj
 *fill*         0x100093e3        0x1 
 .rodata.__func__.7
                0x100093e4        0x9 CMakeFiles/Gyro_Kalman.dir/C_/Program_Files/Raspberry_Pi/Pico_SDK_v1.5.1/pico-sdk/lib/tinyusb/src/portable/raspberrypi/rp2040/dcd_rp2040.c.obj
 *fill*         0x100093ed        0x3 
 .rodata.str1.4
                0x100093f0      0x103 CMakeFiles/Gyro_Kalman.dir/C_/Program_Files/Raspberry_Pi/Pico_SDK_v1.5.1/pico-sdk/lib/tinyusb/src/portable/raspberrypi/rp2040/rp2040_usb.c.obj
 *fill*         0x100094f3        0x1 
 .rodata.__func__.0
                0x100094f4        0xf CMakeFiles/Gyro_Kalman.dir/C_/Program_Files/Raspberry_Pi/Pico_SDK_v1.5.1/pico-sdk/lib/tinyusb/src/portable/raspberrypi/rp2040/rp2040_usb.c.obj
 *fill*         0x10009503        0x1 
 .rodata.process_get_descriptor
                0x10009504       0x40 CMakeFiles/Gyro_Kalman.dir/C_/Program_Files/Raspberry_Pi/Pico_SDK_v1.5.1/pico-sdk/lib/tinyusb/src/device/usbd.c.obj
 .rodata.process_control_request
                0x10009544       0x28 CMakeFiles/Gyro_Kalman.dir/C_/Program_Files/Raspberry_Pi/Pico_SDK_v1.5.1/pico-sdk/lib/tinyusb/src/device/usbd.c.obj
 .rodata.tud_task_ext
                0x1000956c       0x24 CMakeFiles/Gyro_Kalman.dir/C_/Program_Files/Raspberry_Pi/Pico_SDK_v1.5.1/pico-sdk/lib/tinyusb/src/device/usbd.c.obj
 .rodata._usbd_driver
                0x10009590       0x18 CMakeFiles/Gyro_Kalman.dir/C_/Program_Files/Raspberry_Pi/Pico_SDK_v1.5.1/pico-sdk/lib/tinyusb/src/device/usbd.c.obj
 .rodata.i2c_set_baudrate.str1.4
                0x100095a8       0x79 CMakeFiles/Gyro_Kalman.dir/C_/Program_Files/Raspberry_Pi/Pico_SDK_v1.5.1/pico-sdk/src/rp2_common/hardware_i2c/i2c.c.obj
 *fill*         0x10009621        0x3 
 .rodata.__func__.0
                0x10009624       0x11 CMakeFiles/Gyro_Kalman.dir/C_/Program_Files/Raspberry_Pi/Pico_SDK_v1.5.1/pico-sdk/src/rp2_common/hardware_i2c/i2c.c.obj
                0x10009638                . = ALIGN (0x4)
 *fill*         0x10009635        0x3 
 *(SORT_BY_ALIGNMENT(SORT_BY_NAME(.flashdata*)))
                0x10009638                . = ALIGN (0x4)

.ARM.extab
 *(.ARM.extab* .gnu.linkonce.armextab.*)
                0x10009638                __exidx_start = .

.ARM.exidx
 *(.ARM.exidx* .gnu.linkonce.armexidx.*)
                0x10009638                __exidx_end = .
                0x10009638                . = ALIGN (0x4)
                0x10009638                __binary_info_start = .

.binary_info    0x10009638       0x20
 *(.binary_info.keep.*)
 .binary_info.keep.__bi_ptr22
                0x10009638        0x4 CMakeFiles/Gyro_Kalman.dir/C_/Program_Files/Raspberry_Pi/Pico_SDK_v1.5.1/pico-sdk/src/rp2_common/pico_standard_link/binary_info.c.obj
 .binary_info.keep.__bi_ptr30
                0x1000963c        0x4 CMakeFiles/Gyro_Kalman.dir/C_/Program_Files/Raspberry_Pi/Pico_SDK_v1.5.1/pico-sdk/src/rp2_common/pico_standard_link/binary_info.c.obj
 .binary_info.keep.__bi_ptr38
                0x10009640        0x4 CMakeFiles/Gyro_Kalman.dir/C_/Program_Files/Raspberry_Pi/Pico_SDK_v1.5.1/pico-sdk/src/rp2_common/pico_standard_link/binary_info.c.obj
 .binary_info.keep.__bi_ptr44
                0x10009644        0x4 CMakeFiles/Gyro_Kalman.dir/C_/Program_Files/Raspberry_Pi/Pico_SDK_v1.5.1/pico-sdk/src/rp2_common/pico_standard_link/binary_info.c.obj
 .binary_info.keep.__bi_ptr50
                0x10009648        0x4 CMakeFiles/Gyro_Kalman.dir/C_/Program_Files/Raspberry_Pi/Pico_SDK_v1.5.1/pico-sdk/src/rp2_common/pico_standard_link/binary_info.c.obj
 .binary_info.keep.__bi_ptr75
                0x1000964c        0x4 CMakeFiles/Gyro_Kalman.dir/C_/Program_Files/Raspberry_Pi/Pico_SDK_v1.5.1/pico-sdk/src/rp2_common/pico_standard_link/binary_info.c.obj
 .binary_info.keep.__bi_ptr81
                0x10009650        0x4 CMakeFiles/Gyro_Kalman.dir/C_/Program_Files/Raspberry_Pi/Pico_SDK_v1.5.1/pico-sdk/src/rp2_common/pico_standard_link/binary_info.c.obj
 *(.binary_info.*)
 .binary_info.__bi_ptr182
                0x10009654        0x4 CMakeFiles/Gyro_Kalman.dir/C_/Program_Files/Raspberry_Pi/Pico_SDK_v1.5.1/pico-sdk/src/rp2_common/pico_stdio_usb/stdio_usb.c.obj
                0x10009658                __binary_info_end = .

.rel.dyn        0x10009658        0x0
 .rel.iplt      0x10009658        0x0 c:/progra~1/raspbe~1/picosd~1.1/gcc-ar~1/bin/../lib/gcc/arm-none-eabi/10.3.1/thumb/v6-m/nofp/crtbegin.o
                0x10009658                . = ALIGN (0x4)

.ram_vector_table
                0x20000000       0xc0
 *(.ram_vector_table)
 .ram_vector_table
                0x20000000       0xc0 CMakeFiles/Gyro_Kalman.dir/C_/Program_Files/Raspberry_Pi/Pico_SDK_v1.5.1/pico-sdk/src/rp2_common/pico_runtime/runtime.c.obj
                0x20000000                ram_vector_table

.data           0x200000c0      0xbf8 load address 0x10009658
                0x200000c0                __data_start__ = .
 *(vtable)
 *(.time_critical*)
 .time_critical.mutex_try_enter
                0x200000c0       0x46 CMakeFiles/Gyro_Kalman.dir/C_/Program_Files/Raspberry_Pi/Pico_SDK_v1.5.1/pico-sdk/src/common/pico_sync/mutex.c.obj
                0x200000c0                mutex_try_enter
 *fill*         0x20000106        0x2 
 .time_critical.mutex_enter_block_until
                0x20000108       0x8c CMakeFiles/Gyro_Kalman.dir/C_/Program_Files/Raspberry_Pi/Pico_SDK_v1.5.1/pico-sdk/src/common/pico_sync/mutex.c.obj
                0x20000108                mutex_enter_block_until
 .time_critical.mutex_try_enter_block_until
                0x20000194       0x34 CMakeFiles/Gyro_Kalman.dir/C_/Program_Files/Raspberry_Pi/Pico_SDK_v1.5.1/pico-sdk/src/common/pico_sync/mutex.c.obj
                0x20000194                mutex_try_enter_block_until
 .time_critical.mutex_enter_timeout_ms
                0x200001c8       0x68 CMakeFiles/Gyro_Kalman.dir/C_/Program_Files/Raspberry_Pi/Pico_SDK_v1.5.1/pico-sdk/src/common/pico_sync/mutex.c.obj